<html>
<body>
<pre>
<h1>µVision Build Log</h1>
<h2>Tool Versions:</h2>
IDE-Version: µVision V5.24.2.0
Copyright (C) 2017 ARM Ltd and ARM Germany GmbH. All rights reserved.
License Information: bui Anh Khoa, abc, LIC=ZB4Y8-3T5U3-PA4DH-W94SG-1DVAT-6DK30
 
Tool Versions:
Toolchain:       MDK-ARM Plus  Version: 5.24.1
Toolchain Path:  C:\Keil_v5\ARM\ARMCC\Bin
C Compiler:      Armcc.exe V5.06 update 5 (build 528)
Assembler:       Armasm.exe V5.06 update 5 (build 528)
Linker/Locator:  ArmLink.exe V5.06 update 5 (build 528)
Library Manager: ArmAr.exe V5.06 update 5 (build 528)
Hex Converter:   FromElf.exe V5.06 update 5 (build 528)
CPU DLL:         SARMCM3.DLL V5.24.1
Dialog DLL:      DARMSTM.DLL V1.68.0.0
Target DLL:      STLink\ST-LINKIII-KEIL_SWO.dll V3.0.1.0
Dialog DLL:      TARMSTM.DLL V1.66.0.0
 
<h2>Project:</h2>
C:\Users\Anh Khoa\Documents\arm\BLECar_stm32f103_RTOS\Project\CORTEX_STM32F103_Keil\RTOSDemo.uvproj
Project File Date:  02/09/2018

<h2>Output:</h2>
*** Using Compiler 'V5.06 update 5 (build 528)', folder: 'C:\Keil_v5\ARM\ARMCC\Bin'
Rebuild target 'Target 1'
assembling STM32F10x.s...
assembling cortexm3_macro_rvds.s...
compiling stm32f10x_rcc.c...
compiling stm32f10x_lib.c...
compiling stm32f10x_gpio.c...
compiling stm32f10x_usart.c...
compiling stm32f10x_nvic.c...
compiling lcd.c...
compiling stm32f10x_spi.c...
compiling stm32f10x_systick.c...
compiling stm32f10x_tim.c...
compiling timertest.c...
compiling ParTest.c...
compiling serial.c...
compiling main.c...
..\..\Source\User\Library.h(33): warning:  #1295-D: Deprecated declaration ledInit - give arg types
  void ledInit();
..\..\Source\User\Library.h(34): warning:  #1295-D: Deprecated declaration USART_Initial - give arg types
  void USART_Initial();
main.c: 2 warnings, 0 errors
compiling spi_flash.c...
compiling semtest.c...
compiling blocktim.c...
compiling BlockQ.c...
compiling integer.c...
compiling flash.c...
compiling comtest.c...
..\Common\Minimal\comtest.c(131): warning:  #177-D: variable "cByteToSend"  was declared but never referenced
  char cByteToSend;
..\Common\Minimal\comtest.c: 1 warning, 0 errors
compiling death.c...
compiling PollQ.c...
compiling list.c...
compiling queue.c...
compiling tasks.c...
compiling usart_print.c...
compiling heap_2.c...
compiling Library.c...
..\..\Source\User\Library.h(33): warning:  #1295-D: Deprecated declaration ledInit - give arg types
  void ledInit();
..\..\Source\User\Library.c(4): warning:  #177-D: function "vComTxTask"  was declared but never referenced
  static portTASK_FUNCTION_PROTO( vComTxTask, pvParameters );
..\..\Source\User\Library.c: 3 warnings, 0 errors
compiling port.c...
linking...
Program Size: Code=18616 RO-data=304 RW-data=128 ZI-data=18184  
".\RTOSDemo.axf" - 0 Error(s), 5 Warning(s).
Build Time Elapsed:  00:00:05
</pre>
</body>
</html>
