Component: ARM Compiler 5.06 update 5 (build 528) Tool: armlink [4d35e2]

==============================================================================

Section Cross References

    stm32f10x.o(RESET) refers to stm32f10x.o(STACK) for __initial_sp
    stm32f10x.o(RESET) refers to stm32f10x.o(.text) for Reset_Handler
    stm32f10x.o(RESET) refers to port.o(.emb_text) for vPortSVCHandler
    stm32f10x.o(RESET) refers to port.o(.text) for xPortSysTickHandler
    stm32f10x.o(RESET) refers to timertest.o(.text) for vTimer2IntHandler
    stm32f10x.o(RESET) refers to serial.o(.text) for vUARTInterruptHandler
    stm32f10x.o(.text) refers to entry.o(.ARM.Collect$$$$00000000) for __main
    lcd.o(.text) refers to stm32f10x_gpio.o(.text) for GPIO_WriteBit
    lcd.o(.text) refers to stm32f10x_spi.o(.text) for SPI_SendData
    lcd.o(.text) refers to stm32f10x_rcc.o(.text) for RCC_APB2PeriphClockCmd
    lcd.o(.text) refers to tasks.o(.text) for vTaskDelay
    lcd.o(.text) refers to lcd.o(.data) for TextColor
    lcd.o(.text) refers to lcd.o(.constdata) for ASCII_Table
    lcd.o(.text) refers to spi_flash.o(.text) for SPI_FLASH_StartReadSequence
    lcd.o(.text) refers to cortexm3_macro_rvds.o(.text) for __REV_HalfWord
    stm32f10x_usart.o(.text) refers to stm32f10x_rcc.o(.text) for RCC_APB2PeriphResetCmd
    stm32f10x_gpio.o(.text) refers to stm32f10x_rcc.o(.text) for RCC_APB2PeriphResetCmd
    stm32f10x_nvic.o(.text) refers to cortexm3_macro_rvds.o(.text) for __SETPRIMASK
    stm32f10x_rcc.o(.text) refers to stm32f10x_rcc.o(.constdata) for APBAHBPrescTable
    stm32f10x_spi.o(.text) refers to stm32f10x_rcc.o(.text) for RCC_APB2PeriphResetCmd
    stm32f10x_tim.o(.text) refers to stm32f10x_rcc.o(.text) for RCC_APB1PeriphResetCmd
    stm32f10x_tim.o(.text) refers to stm32f10x_tim.o(.constdata) for Tab_OCModeMask
    partest.o(.text) refers to stm32f10x_gpio.o(.text) for GPIO_Init
    partest.o(.text) refers to tasks.o(.text) for vTaskSuspendAll
    partest.o(.text) refers to partest.o(.data) for usOutputValue
    serial.o(.text) refers to queue.o(.text) for xQueueGenericCreate
    serial.o(.text) refers to stm32f10x_rcc.o(.text) for RCC_APB2PeriphClockCmd
    serial.o(.text) refers to stm32f10x_gpio.o(.text) for GPIO_Init
    serial.o(.text) refers to stm32f10x_usart.o(.text) for USART_Init
    serial.o(.text) refers to stm32f10x_nvic.o(.text) for NVIC_Init
    serial.o(.text) refers to serial.o(.data) for xRxedChars
    serial.o(.text) refers to serial.o(.bss) for stemp
    serial.o(.text) refers to main.o(.bss) for s
    serial.o(.text) refers to main.o(.data) for pos
    timertest.o(.text) refers to stm32f10x_rcc.o(.text) for RCC_APB1PeriphClockCmd
    timertest.o(.text) refers to stm32f10x_tim.o(.text) for TIM_DeInit
    timertest.o(.text) refers to stm32f10x_nvic.o(.text) for NVIC_Init
    timertest.o(.text) refers to timertest.o(.data) for usSettleCount
    main.o(.text) refers to usart_print.o(.text) for U_Print_Char
    main.o(.text) refers to atoi.o(.text) for atoi
    main.o(.text) refers to strncpy.o(.text) for strncpy
    main.o(.text) refers to library.o(.text) for getLeftRight
    main.o(.text) refers to queue.o(.text) for xQueueGenericSend
    main.o(.text) refers to motor_driver.o(.text) for Control
    main.o(.text) refers to stm32f10x_rcc.o(.text) for RCC_DeInit
    main.o(.text) refers to stm32f10x_nvic.o(.text) for NVIC_SetVectorTable
    main.o(.text) refers to stm32f10x_systick.o(.text) for SysTick_CLKSourceConfig
    main.o(.text) refers to partest.o(.text) for vParTestInitialise
    main.o(.text) refers to comtest.o(.text) for vAltStartComTestTasks
    main.o(.text) refers to tasks.o(.text) for xTaskCreate
    main.o(.text) refers to main.o(.data) for pos
    main.o(.text) refers to main.o(.bss) for s
    spi_flash.o(.text) refers to stm32f10x_gpio.o(.text) for GPIO_WriteBit
    spi_flash.o(.text) refers to stm32f10x_rcc.o(.text) for RCC_APB2PeriphClockCmd
    spi_flash.o(.text) refers to stm32f10x_spi.o(.text) for SPI_Init
    semtest.o(.text) refers to port.o(.text) for vPortEnterCritical
    semtest.o(.text) refers to queue.o(.text) for xQueueSemaphoreTake
    semtest.o(.text) refers to tasks.o(.text) for vTaskDelay
    semtest.o(.text) refers to heap_2.o(.text) for pvPortMalloc
    semtest.o(.text) refers to semtest.o(.data) for sNextCheckVariable
    blockq.o(.text) refers to queue.o(.text) for xQueueReceive
    blockq.o(.text) refers to heap_2.o(.text) for pvPortMalloc
    blockq.o(.text) refers to tasks.o(.text) for xTaskCreate
    blockq.o(.text) refers to blockq.o(.data) for sBlockingConsumerCount
    blocktim.o(.text) refers to tasks.o(.text) for vTaskSuspend
    blocktim.o(.text) refers to queue.o(.text) for xQueueGenericSend
    blocktim.o(.text) refers to blocktim.o(.data) for xRunIndicator
    comtest.o(.text) refers to serial.o(.text) for xSerialGetChar
    comtest.o(.text) refers to partest.o(.text) for vParTestToggleLED
[...]
    printf8.o(i.__0vprintf$8) refers to printf8.o(i._printf_core) for _printf_core
    printf8.o(i.__0vprintf$8) refers to fputc.o(i.fputc) for fputc
    printf8.o(i.__0vprintf$8) refers to stdout.o(.data) for __stdout
    printf8.o(i.__0vsnprintf$8) refers to printf8.o(i._printf_core) for _printf_core
    printf8.o(i.__0vsnprintf$8) refers to printf8.o(i._snputc) for _snputc
    printf8.o(i.__0vsprintf$8) refers to printf8.o(i._printf_core) for _printf_core
    printf8.o(i.__0vsprintf$8) refers to printf8.o(i._sputc) for _sputc
    printf8.o(i._printf_core) refers to printf8.o(i._printf_pre_padding) for _printf_pre_padding
    printf8.o(i._printf_core) refers to uldiv.o(.text) for __aeabi_uldivmod
    printf8.o(i._printf_core) refers to printf8.o(i._printf_post_padding) for _printf_post_padding
    printfa.o(i.__0fprintf) refers (Special) to iusefp.o(.text) for __I$use$fp
    printfa.o(i.__0fprintf) refers to printfa.o(i._printf_core) for _printf_core
    printfa.o(i.__0fprintf) refers to fputc.o(i.fputc) for fputc
    printfa.o(i.__0printf) refers (Special) to iusefp.o(.text) for __I$use$fp
    printfa.o(i.__0printf) refers to printfa.o(i._printf_core) for _printf_core
    printfa.o(i.__0printf) refers to fputc.o(i.fputc) for fputc
    printfa.o(i.__0printf) refers to stdout.o(.data) for __stdout
    printfa.o(i.__0snprintf) refers (Special) to iusefp.o(.text) for __I$use$fp
    printfa.o(i.__0snprintf) refers to printfa.o(i._printf_core) for _printf_core
    printfa.o(i.__0snprintf) refers to printfa.o(i._snputc) for _snputc
    printfa.o(i.__0sprintf) refers (Special) to iusefp.o(.text) for __I$use$fp
    printfa.o(i.__0sprintf) refers to printfa.o(i._printf_core) for _printf_core
    printfa.o(i.__0sprintf) refers to printfa.o(i._sputc) for _sputc
    printfa.o(i.__0vfprintf) refers (Special) to iusefp.o(.text) for __I$use$fp
    printfa.o(i.__0vfprintf) refers to printfa.o(i._printf_core) for _printf_core
    printfa.o(i.__0vfprintf) refers to fputc.o(i.fputc) for fputc
    printfa.o(i.__0vprintf) refers (Special) to iusefp.o(.text) for __I$use$fp
    printfa.o(i.__0vprintf) refers to printfa.o(i._printf_core) for _printf_core
    printfa.o(i.__0vprintf) refers to fputc.o(i.fputc) for fputc
    printfa.o(i.__0vprintf) refers to stdout.o(.data) for __stdout
    printfa.o(i.__0vsnprintf) refers (Special) to iusefp.o(.text) for __I$use$fp
    printfa.o(i.__0vsnprintf) refers to printfa.o(i._printf_core) for _printf_core
    printfa.o(i.__0vsnprintf) refers to printfa.o(i._snputc) for _snputc
    printfa.o(i.__0vsprintf) refers (Special) to iusefp.o(.text) for __I$use$fp
    printfa.o(i.__0vsprintf) refers to printfa.o(i._printf_core) for _printf_core
    printfa.o(i.__0vsprintf) refers to printfa.o(i._sputc) for _sputc
    printfa.o(i._fp_digits) refers (Special) to iusefp.o(.text) for __I$use$fp
    printfa.o(i._fp_digits) refers to dmul.o(.text) for __aeabi_dmul
    printfa.o(i._fp_digits) refers to ddiv.o(.text) for __aeabi_ddiv
    printfa.o(i._fp_digits) refers to cdrcmple.o(.text) for __aeabi_cdrcmple
    printfa.o(i._fp_digits) refers to dadd.o(.text) for __aeabi_dadd
    printfa.o(i._fp_digits) refers to dfixul.o(.text) for __aeabi_d2ulz
    printfa.o(i._fp_digits) refers to uldiv.o(.text) for __aeabi_uldivmod
    printfa.o(i._printf_core) refers (Special) to iusefp.o(.text) for __I$use$fp
    printfa.o(i._printf_core) refers to printfa.o(i._printf_pre_padding) for _printf_pre_padding
    printfa.o(i._printf_core) refers to uldiv.o(.text) for __aeabi_uldivmod
    printfa.o(i._printf_core) refers to printfa.o(i._printf_post_padding) for _printf_post_padding
    printfa.o(i._printf_core) refers to printfa.o(i._fp_digits) for _fp_digits
    printfa.o(i._printf_core) refers to uidiv.o(.text) for __aeabi_uidivmod
    printfa.o(i._printf_post_padding) refers (Special) to iusefp.o(.text) for __I$use$fp
    printfa.o(i._printf_pre_padding) refers (Special) to iusefp.o(.text) for __I$use$fp
    printfa.o(i._snputc) refers (Special) to iusefp.o(.text) for __I$use$fp
    printfa.o(i._sputc) refers (Special) to iusefp.o(.text) for __I$use$fp
    atoi.o(.text) refers to errno.o(i.__aeabi_errno_addr) for __aeabi_errno_addr
    atoi.o(.text) refers to strtol.o(.text) for strtol
    f2d.o(.text) refers (Special) to iusefp.o(.text) for __I$use$fp
    entry2.o(.ARM.Collect$$$$00000001) refers to entry2.o(.ARM.Collect$$$$00002712) for __lit__00000000
    entry2.o(.ARM.Collect$$$$00002712) refers to stm32f10x.o(STACK) for __initial_sp
    entry2.o(__vectab_stack_and_reset_area) refers to stm32f10x.o(STACK) for __initial_sp
    entry2.o(__vectab_stack_and_reset_area) refers to entry.o(.ARM.Collect$$$$00000000) for __main
    entry5.o(.ARM.Collect$$$$00000004) refers to init.o(.text) for __scatterload
    entry9a.o(.ARM.Collect$$$$0000000B) refers to main.o(.text) for main
    entry9b.o(.ARM.Collect$$$$0000000C) refers to main.o(.text) for main
    fputc.o(i.fputc) refers (Special) to iusesemip.o(.text) for __I$use$semihosting$fputc
    fputc.o(i.fputc) refers (Special) to semi.o(.text) for __semihosting_library_function
    uldiv.o(.text) refers to llushr.o(.text) for __aeabi_llsr
    uldiv.o(.text) refers to llshl.o(.text) for __aeabi_llsl
    errno.o(i.__aeabi_errno_addr) refers to errno.o(.data) for .data
    errno.o(i.__read_errno) refers to errno.o(.data) for .data
    errno.o(i.__set_errno) refers to errno.o(.data) for .data
    strtol.o(.text) refers to ctype_o.o(.text) for __rt_ctype_table
    strtol.o(.text) refers to _strtoul.o(.text) for _strtoul
    strtol.o(.text) refers to errno.o(i.__aeabi_errno_addr) for __aeabi_errno_addr
    dadd.o(.text) refers to llshl.o(.text) for __aeabi_llsl
    dadd.o(.text) refers to llsshr.o(.text) for __aeabi_lasr
    dadd.o(.text) refers to depilogue.o(.text) for _double_epilogue
    dmul.o(.text) refers to depilogue.o(.text) for _double_epilogue
    ddiv.o(.text) refers to depilogue.o(.text) for _double_round
    dfixul.o(.text) refers to llushr.o(.text) for __aeabi_llsr
    dfixul.o(.text) refers to llshl.o(.text) for __aeabi_llsl
    init.o(.text) refers to entry5.o(.ARM.Collect$$$$00000004) for __main_after_scatterload
    ctype_o.o(.text) refers to ctype_o.o(.constdata) for .constdata
    ctype_o.o(.constdata) refers to ctype_o.o(.constdata) for __ctype_table
    isalnum_o.o(.text) refers to ctype_o.o(.text) for __rt_ctype_table
    isalpha_o.o(.text) refers to ctype_o.o(.text) for __rt_ctype_table
    isblank_o.o(.text) refers to ctype_o.o(.constdata) for __ctype_table
    iscntrl_o.o(.text) refers to ctype_o.o(.text) for __rt_ctype_table
    isdigit_o.o(.text) refers to ctype_o.o(.text) for __rt_ctype_table
    isgraph_o.o(.text) refers to ctype_o.o(.text) for __rt_ctype_table
    islower_o.o(.text) refers to ctype_o.o(.text) for __rt_ctype_table
    isprint_o.o(.text) refers to ctype_o.o(.text) for __rt_ctype_table
    ispunct_o.o(.text) refers to ctype_o.o(.text) for __rt_ctype_table
    isspace_o.o(.text) refers to ctype_o.o(.text) for __rt_ctype_table
    isupper_o.o(.text) refers to ctype_o.o(.text) for __rt_ctype_table
    isxdigit_o.o(.text) refers to ctype_o.o(.text) for __rt_ctype_table
    _strtoul.o(.text) refers to _chval.o(.text) for _chval
    _strtoul.o(.text) refers to errno.o(i.__aeabi_errno_addr) for __aeabi_errno_addr
    depilogue.o(.text) refers to llshl.o(.text) for __aeabi_llsl
    depilogue.o(.text) refers to llushr.o(.text) for __aeabi_llsr


==============================================================================

Removing Unused input sections from the image.

    Removing stm32f10x.o(HEAP), (0 bytes).
    Removing lcd.o(.text), (2880 bytes).
    Removing lcd.o(.constdata), (4560 bytes).
    Removing lcd.o(.data), (4 bytes).
    Removing stm32f10x_spi.o(.text), (532 bytes).
    Removing main.o(.constdata), (9663 bytes).
    Removing spi_flash.o(.text), (980 bytes).
    Removing semtest.o(.text), (480 bytes).
    Removing semtest.o(.data), (18 bytes).
    Removing blockq.o(.text), (580 bytes).
    Removing blockq.o(.data), (24 bytes).
    Removing blocktim.o(.text), (1084 bytes).
    Removing blocktim.o(.data), (32 bytes).
    Removing death.o(.text), (304 bytes).
    Removing death.o(.data), (20 bytes).
    Removing flash.o(.text), (128 bytes).
    Removing flash.o(.data), (4 bytes).
    Removing integer.o(.text), (164 bytes).
    Removing integer.o(.data), (4 bytes).
    Removing pollq.o(.text), (292 bytes).
    Removing pollq.o(.data), (12 bytes).

21 unused section(s) (total 21765 bytes) removed from the image.

==============================================================================

Image Symbol Table

    Local Symbols

    Symbol Name                              Value     Ov Type        Size  Object(Section)

    ../clib/microlib/ctype/ctype.c           0x00000000   Number         0  ctype_o.o ABSOLUTE
    ../clib/microlib/ctype/ctype.c           0x00000000   Number         0  isxdigit_o.o ABSOLUTE
    ../clib/microlib/ctype/ctype.c           0x00000000   Number         0  isupper_o.o ABSOLUTE
    ../clib/microlib/ctype/ctype.c           0x00000000   Number         0  isspace_o.o ABSOLUTE
    ../clib/microlib/ctype/ctype.c           0x00000000   Number         0  ispunct_o.o ABSOLUTE
    ../clib/microlib/ctype/ctype.c           0x00000000   Number         0  isprint_o.o ABSOLUTE
    ../clib/microlib/ctype/ctype.c           0x00000000   Number         0  islower_o.o ABSOLUTE
    ../clib/microlib/ctype/ctype.c           0x00000000   Number         0  isgraph_o.o ABSOLUTE
    ../clib/microlib/ctype/ctype.c           0x00000000   Number         0  isdigit_o.o ABSOLUTE
    ../clib/microlib/ctype/ctype.c           0x00000000   Number         0  iscntrl_o.o ABSOLUTE
    ../clib/microlib/ctype/ctype.c           0x00000000   Number         0  isblank_o.o ABSOLUTE
    ../clib/microlib/ctype/ctype.c           0x00000000   Number         0  isalpha_o.o ABSOLUTE
    ../clib/microlib/ctype/ctype.c           0x00000000   Number         0  isalnum_o.o ABSOLUTE
    ../clib/microlib/division.c              0x00000000   Number         0  uldiv.o ABSOLUTE
    ../clib/microlib/division.c              0x00000000   Number         0  uidiv.o ABSOLUTE
    ../clib/microlib/errno.c                 0x00000000   Number         0  errno.o ABSOLUTE
    ../clib/microlib/init/entry.s            0x00000000   Number         0  entry10a.o ABSOLUTE
    ../clib/microlib/init/entry.s            0x00000000   Number         0  entry5.o ABSOLUTE
    ../clib/microlib/init/entry.s            0x00000000   Number         0  entry2.o ABSOLUTE
    ../clib/microlib/init/entry.s            0x00000000   Number         0  entry9a.o ABSOLUTE
    ../clib/microlib/init/entry.s            0x00000000   Number         0  entry11a.o ABSOLUTE
    ../clib/microlib/init/entry.s            0x00000000   Number         0  entry10b.o ABSOLUTE
    ../clib/microlib/init/entry.s            0x00000000   Number         0  entry.o ABSOLUTE
    ../clib/microlib/init/entry.s            0x00000000   Number         0  entry8b.o ABSOLUTE
    ../clib/microlib/init/entry.s            0x00000000   Number         0  entry8a.o ABSOLUTE
    ../clib/microlib/init/entry.s            0x00000000   Number         0  entry11b.o ABSOLUTE
    ../clib/microlib/init/entry.s            0x00000000   Number         0  entry9b.o ABSOLUTE
    ../clib/microlib/init/entry.s            0x00000000   Number         0  entry7b.o ABSOLUTE
    ../clib/microlib/init/entry.s            0x00000000   Number         0  entry7a.o ABSOLUTE
    ../clib/microlib/longlong.c              0x00000000   Number         0  llushr.o ABSOLUTE
    ../clib/microlib/longlong.c              0x00000000   Number         0  llsshr.o ABSOLUTE
    ../clib/microlib/longlong.c              0x00000000   Number         0  llshl.o ABSOLUTE
    ../clib/microlib/printf/printf.c         0x00000000   Number         0  printf2.o ABSOLUTE
    ../clib/microlib/printf/printf.c         0x00000000   Number         0  printf1.o ABSOLUTE
    ../clib/microlib/printf/printf.c         0x00000000   Number         0  printf0.o ABSOLUTE
    ../clib/microlib/printf/printf.c         0x00000000   Number         0  printfb.o ABSOLUTE
    ../clib/microlib/printf/printf.c         0x00000000   Number         0  printf4.o ABSOLUTE
    ../clib/microlib/printf/printf.c         0x00000000   Number         0  printfa.o ABSOLUTE
    ../clib/microlib/printf/printf.c         0x00000000   Number         0  printf8.o ABSOLUTE
    ../clib/microlib/printf/printf.c         0x00000000   Number         0  printf7.o ABSOLUTE
    ../clib/microlib/printf/printf.c         0x00000000   Number         0  printf6.o ABSOLUTE
    ../clib/microlib/printf/printf.c         0x00000000   Number         0  printf5.o ABSOLUTE
    ../clib/microlib/printf/printf.c         0x00000000   Number         0  printf3.o ABSOLUTE
    ../clib/microlib/printf/stubs.s          0x00000000   Number         0  stubs.o ABSOLUTE
    ../clib/microlib/stdio/fputc.c           0x00000000   Number         0  fputc.o ABSOLUTE
    ../clib/microlib/stdio/semi.s            0x00000000   Number         0  semi.o ABSOLUTE
    ../clib/microlib/stdio/streams.c         0x00000000   Number         0  stdout.o ABSOLUTE
    ../clib/microlib/string/memcpy.c         0x00000000   Number         0  memcpya.o ABSOLUTE
    ../clib/microlib/string/memcpy.c         0x00000000   Number         0  memcpyb.o ABSOLUTE
    ../clib/microlib/string/memset.c         0x00000000   Number         0  memseta.o ABSOLUTE
    ../clib/microlib/string/strncpy.c        0x00000000   Number         0  strncpy.o ABSOLUTE
    ../clib/microlib/stubs.s                 0x00000000   Number         0  iusefp.o ABSOLUTE
    ../clib/microlib/stubs.s                 0x00000000   Number         0  iusesemip.o ABSOLUTE
    ../clib/scanf.c                          0x00000000   Number         0  _chval.o ABSOLUTE
    ../clib/scanf.c                          0x00000000   Number         0  atoi.o ABSOLUTE
    ../clib/scanf.c                          0x00000000   Number         0  strtol.o ABSOLUTE
    ../clib/scanf.c                          0x00000000   Number         0  _strtoul.o ABSOLUTE
    ../fplib/microlib/f2d.c                  0x00000000   Number         0  f2d.o ABSOLUTE
    ../fplib/microlib/fpadd.c                0x00000000   Number         0  dadd.o ABSOLUTE
    ../fplib/microlib/fpdiv.c                0x00000000   Number         0  ddiv.o ABSOLUTE
    ../fplib/microlib/fpepilogue.c           0x00000000   Number         0  depilogue.o ABSOLUTE
    ../fplib/microlib/fpfix.c                0x00000000   Number         0  dfixul.o ABSOLUTE
    ../fplib/microlib/fpmul.c                0x00000000   Number         0  dmul.o ABSOLUTE
    ..\..\Source\User\Library.c              0x00000000   Number         0  library.o ABSOLUTE
    ..\..\Source\User\Motor_Driver.c         0x00000000   Number         0  motor_driver.o ABSOLUTE
    ..\..\Source\User\usart_print.c          0x00000000   Number         0  usart_print.o ABSOLUTE
    ..\..\Source\list.c                      0x00000000   Number         0  list.o ABSOLUTE
    ..\..\Source\portable\MemMang\heap_2.c   0x00000000   Number         0  heap_2.o ABSOLUTE
    ..\..\Source\portable\RVDS\ARM_CM3\port.c 0x00000000   Number         0  port.o ABSOLUTE
    ..\..\Source\queue.c                     0x00000000   Number         0  queue.o ABSOLUTE
    ..\..\Source\tasks.c                     0x00000000   Number         0  tasks.o ABSOLUTE
    ..\Common\Minimal\BlockQ.c               0x00000000   Number         0  blockq.o ABSOLUTE
    ..\Common\Minimal\PollQ.c                0x00000000   Number         0  pollq.o ABSOLUTE
    ..\Common\Minimal\blocktim.c             0x00000000   Number         0  blocktim.o ABSOLUTE
    ..\Common\Minimal\comtest.c              0x00000000   Number         0  comtest.o ABSOLUTE
    ..\Common\Minimal\death.c                0x00000000   Number         0  death.o ABSOLUTE
    ..\Common\Minimal\flash.c                0x00000000   Number         0  flash.o ABSOLUTE
    ..\Common\Minimal\integer.c              0x00000000   Number         0  integer.o ABSOLUTE
    ..\Common\Minimal\semtest.c              0x00000000   Number         0  semtest.o ABSOLUTE
    ..\Common\drivers\ST\STM32F10xFWLib\src\cortexm3_macro_rvds.s 0x00000000   Number         0  cortexm3_macro_rvds.o ABSOLUTE
    ..\Common\drivers\ST\STM32F10xFWLib\src\lcd.c 0x00000000   Number         0  lcd.o ABSOLUTE
    ..\\..\\Source\\portable\\RVDS\\ARM_CM3\\port.c 0x00000000   Number         0  port.o ABSOLUTE
    ParTest\ParTest.c                        0x00000000   Number         0  partest.o ABSOLUTE
    STM32F10x.s                              0x00000000   Number         0  stm32f10x.o ABSOLUTE
    STM32F10xFWLib\src\stm32f10x_gpio.c      0x00000000   Number         0  stm32f10x_gpio.o ABSOLUTE
    STM32F10xFWLib\src\stm32f10x_lib.c       0x00000000   Number         0  stm32f10x_lib.o ABSOLUTE
    STM32F10xFWLib\src\stm32f10x_nvic.c      0x00000000   Number         0  stm32f10x_nvic.o ABSOLUTE
    STM32F10xFWLib\src\stm32f10x_rcc.c       0x00000000   Number         0  stm32f10x_rcc.o ABSOLUTE
    STM32F10xFWLib\src\stm32f10x_spi.c       0x00000000   Number         0  stm32f10x_spi.o ABSOLUTE
    STM32F10xFWLib\src\stm32f10x_systick.c   0x00000000   Number         0  stm32f10x_systick.o ABSOLUTE
    STM32F10xFWLib\src\stm32f10x_tim.c       0x00000000   Number         0  stm32f10x_tim.o ABSOLUTE
    STM32F10xFWLib\src\stm32f10x_usart.c     0x00000000   Number         0  stm32f10x_usart.o ABSOLUTE
    cdrcmple.s                               0x00000000   Number         0  cdrcmple.o ABSOLUTE
    dc.s                                     0x00000000   Number         0  dc.o ABSOLUTE
    handlers.s                               0x00000000   Number         0  handlers.o ABSOLUTE
    init.s                                   0x00000000   Number         0  init.o ABSOLUTE
    main.c                                   0x00000000   Number         0  main.o ABSOLUTE
    serial\serial.c                          0x00000000   Number         0  serial.o ABSOLUTE
    spi_flash.c                              0x00000000   Number         0  spi_flash.o ABSOLUTE
    timertest.c                              0x00000000   Number         0  timertest.o ABSOLUTE
    RESET                                    0x08000000   Section      236  stm32f10x.o(RESET)
    .ARM.Collect$$$$00000000                 0x080000ec   Section        0  entry.o(.ARM.Collect$$$$00000000)
    .ARM.Collect$$$$00000001                 0x080000ec   Section        4  entry2.o(.ARM.Collect$$$$00000001)
    .ARM.Collect$$$$00000004                 0x080000f0   Section        4  entry5.o(.ARM.Collect$$$$00000004)
    .ARM.Collect$$$$00000008                 0x080000f4   Section        0  entry7b.o(.ARM.Collect$$$$00000008)
    .ARM.Collect$$$$0000000A                 0x080000f4   Section        0  entry8b.o(.ARM.Collect$$$$0000000A)
    .ARM.Collect$$$$0000000B                 0x080000f4   Section        8  entry9a.o(.ARM.Collect$$$$0000000B)
    .ARM.Collect$$$$0000000D                 0x080000fc   Section        0  entry10a.o(.ARM.Collect$$$$0000000D)
    .ARM.Collect$$$$0000000F                 0x080000fc   Section        0  entry11a.o(.ARM.Collect$$$$0000000F)
    .ARM.Collect$$$$00002712                 0x080000fc   Section        4  entry2.o(.ARM.Collect$$$$00002712)
    __lit__00000000                          0x080000fc   Data           4  entry2.o(.ARM.Collect$$$$00002712)
    .emb_text                                0x08000100   Section      150  port.o(.emb_text)
    .text                                    0x08000198   Section       28  stm32f10x.o(.text)
    .text                                    0x080001b4   Section      110  cortexm3_macro_rvds.o(.text)
    .text                                    0x08000224   Section        0  stm32f10x_usart.o(.text)
    .text                                    0x08000548   Section        0  stm32f10x_gpio.o(.text)
    .text                                    0x08000828   Section        0  stm32f10x_nvic.o(.text)
    .text                                    0x08000c08   Section        0  stm32f10x_rcc.o(.text)
    .text                                    0x08000f84   Section        0  stm32f10x_systick.o(.text)
    .text                                    0x08001048   Section        0  stm32f10x_tim.o(.text)
    TI1_Config                               0x080011a3   Thumb Code    56  stm32f10x_tim.o(.text)
    TI2_Config                               0x080011f5   Thumb Code    80  stm32f10x_tim.o(.text)
    PWMI_Config                              0x08001245   Thumb Code   124  stm32f10x_tim.o(.text)
    TI4_Config                               0x080012db   Thumb Code    82  stm32f10x_tim.o(.text)
    TI3_Config                               0x0800133f   Thumb Code    66  stm32f10x_tim.o(.text)
    ETR_Config                               0x08001505   Thumb Code    26  stm32f10x_tim.o(.text)
    .text                                    0x080018ac   Section        0  partest.o(.text)
    .text                                    0x08001958   Section        0  serial.o(.text)
    .text                                    0x08001b70   Section        0  timertest.o(.text)
    .text                                    0x08001c68   Section        0  main.o(.text)
    prvSetupHardware                         0x08001cf7   Thumb Code   142  main.o(.text)
    .text                                    0x08001e64   Section        0  comtest.o(.text)
    vComRxTask                               0x08001e65   Thumb Code   124  comtest.o(.text)
    vComTxTask                               0x08001ee1   Thumb Code    42  comtest.o(.text)
    .text                                    0x08001f80   Section        0  tasks.o(.text)
    prvInitialiseTaskLists                   0x08001f81   Thumb Code    70  tasks.o(.text)
    prvAddNewTaskToReadyList                 0x08001fc7   Thumb Code   150  tasks.o(.text)
    prvInitialiseNewTask                     0x0800205d   Thumb Code   128  tasks.o(.text)
    prvResetNextTaskUnblockTime              0x0800213d   Thumb Code    42  tasks.o(.text)
    prvDeleteTCB                             0x08002167   Thumb Code    18  tasks.o(.text)
    prvAddCurrentTaskToDelayedList           0x08002429   Thumb Code   124  tasks.o(.text)
    prvTaskIsTaskSuspended                   0x0800276d   Thumb Code    56  tasks.o(.text)
    prvCheckTasksWaitingTermination          0x080028d1   Thumb Code    60  tasks.o(.text)
    prvIdleTask                              0x0800290d   Thumb Code    32  tasks.o(.text)
    .text                                    0x08002f20   Section        0  list.o(.text)
    .text                                    0x08002fb4   Section        0  queue.o(.text)
    prvInitialiseNewQueue                    0x0800302f   Thumb Code    38  queue.o(.text)
    prvUnlockQueue                           0x0800308d   Thumb Code   126  queue.o(.text)
    prvIsQueueFull                           0x0800310b   Thumb Code    30  queue.o(.text)
    prvCopyDataToQueue                       0x08003129   Thumb Code   106  queue.o(.text)
    prvIsQueueEmpty                          0x080033a5   Thumb Code    26  queue.o(.text)
    prvCopyDataFromQueue                     0x080033bf   Thumb Code    46  queue.o(.text)
    .text                                    0x0800380c   Section        0  port.o(.text)
    prvTaskExitError                         0x0800380d   Thumb Code    22  port.o(.text)
    .text                                    0x080038fc   Section        0  heap_2.o(.text)
    prvHeapInit                              0x080038fd   Thumb Code    42  heap_2.o(.text)
    .text                                    0x08003a20   Section        0  library.o(.text)
    .text                                    0x08003c7c   Section        0  usart_print.o(.text)
    .text                                    0x08003d5c   Section        0  motor_driver.o(.text)
    .text                                    0x08003e88   Section        0  memcpya.o(.text)
    .text                                    0x08003eac   Section        0  memseta.o(.text)
    .text                                    0x08003ed0   Section        0  strncpy.o(.text)
    .text                                    0x08003ee8   Section        0  atoi.o(.text)
    .text                                    0x08003f02   Section        0  f2d.o(.text)
    .text                                    0x08003f28   Section        0  uidiv.o(.text)
    .text                                    0x08003f54   Section        0  uldiv.o(.text)
    .text                                    0x08003fb6   Section        0  strtol.o(.text)
    .text                                    0x08004026   Section        0  iusefp.o(.text)
    .text                                    0x08004026   Section        0  dadd.o(.text)
    .text                                    0x08004174   Section        0  dmul.o(.text)
    .text                                    0x08004258   Section        0  ddiv.o(.text)
    .text                                    0x08004336   Section        0  dfixul.o(.text)
    .text                                    0x08004368   Section       48  cdrcmple.o(.text)
    .text                                    0x08004398   Section       36  init.o(.text)
    .text                                    0x080043bc   Section        0  llshl.o(.text)
    .text                                    0x080043da   Section        0  llushr.o(.text)
    .text                                    0x080043fa   Section        0  llsshr.o(.text)
    .text                                    0x08004420   Section        0  ctype_o.o(.text)
    .text                                    0x08004428   Section        0  _strtoul.o(.text)
    .text                                    0x080044c6   Section        0  depilogue.o(.text)
    .text                                    0x08004580   Section        0  _chval.o(.text)
    i.__0sprintf                             0x0800459c   Section        0  printfa.o(i.__0sprintf)
    i.__aeabi_errno_addr                     0x080045c4   Section        0  errno.o(i.__aeabi_errno_addr)
    i.__scatterload_copy                     0x080045cc   Section       14  handlers.o(i.__scatterload_copy)
    i.__scatterload_null                     0x080045da   Section        2  handlers.o(i.__scatterload_null)
    i.__scatterload_zeroinit                 0x080045dc   Section       14  handlers.o(i.__scatterload_zeroinit)
    i._fp_digits                             0x080045ec   Section        0  printfa.o(i._fp_digits)
    _fp_digits                               0x080045ed   Thumb Code   366  printfa.o(i._fp_digits)
    i._printf_core                           0x08004770   Section        0  printfa.o(i._printf_core)
    _printf_core                             0x08004771   Thumb Code  1744  printfa.o(i._printf_core)
    i._printf_post_padding                   0x08004e4c   Section        0  printfa.o(i._printf_post_padding)
    _printf_post_padding                     0x08004e4d   Thumb Code    36  printfa.o(i._printf_post_padding)
    i._printf_pre_padding                    0x08004e70   Section        0  printfa.o(i._printf_pre_padding)
    _printf_pre_padding                      0x08004e71   Thumb Code    46  printfa.o(i._printf_pre_padding)
    i._sputc                                 0x08004e9e   Section        0  printfa.o(i._sputc)
    _sputc                                   0x08004e9f   Thumb Code    10  printfa.o(i._sputc)
    .constdata                               0x08004ea8   Section       20  stm32f10x_rcc.o(.constdata)
    APBAHBPrescTable                         0x08004ea8   Data          16  stm32f10x_rcc.o(.constdata)
    ADCPrescTable                            0x08004eb8   Data           4  stm32f10x_rcc.o(.constdata)
    .constdata                               0x08004ebc   Section       16  stm32f10x_tim.o(.constdata)
    Tab_OCModeMask                           0x08004ebc   Data           8  stm32f10x_tim.o(.constdata)
    Tab_PolarityMask                         0x08004ec4   Data           8  stm32f10x_tim.o(.constdata)
    .constdata                               0x08004ecc   Section      129  ctype_o.o(.constdata)
    .constdata                               0x08004f50   Section        4  ctype_o.o(.constdata)
    table                                    0x08004f50   Data           4  ctype_o.o(.constdata)
    .data                                    0x20000000   Section        2  partest.o(.data)
    usOutputValue                            0x20000000   Data           2  partest.o(.data)
    .data                                    0x20000004   Section        9  serial.o(.data)
    xRxedChars                               0x20000004   Data           4  serial.o(.data)
    xCharsForTx                              0x20000008   Data           4  serial.o(.data)
    .data                                    0x2000000e   Section        8  timertest.o(.data)
    usLastCount                              0x20000010   Data           2  timertest.o(.data)
    usSettleCount                            0x20000012   Data           2  timertest.o(.data)
    usMaxDifference                          0x20000014   Data           2  timertest.o(.data)
    .data                                    0x20000018   Section       25  main.o(.data)
    .data                                    0x20000034   Section       12  comtest.o(.data)
    xPort                                    0x20000034   Data           4  comtest.o(.data)
    uxBaseLED                                0x20000038   Data           4  comtest.o(.data)
    uxRxLoops                                0x2000003c   Data           4  comtest.o(.data)
    .data                                    0x20000040   Section       60  tasks.o(.data)
    pxDelayedTaskList                        0x20000044   Data           4  tasks.o(.data)
    pxOverflowDelayedTaskList                0x20000048   Data           4  tasks.o(.data)
    uxDeletedTasksWaitingCleanUp             0x2000004c   Data           4  tasks.o(.data)
    uxCurrentNumberOfTasks                   0x20000050   Data           4  tasks.o(.data)
    xTickCount                               0x20000054   Data           4  tasks.o(.data)
    uxTopReadyPriority                       0x20000058   Data           4  tasks.o(.data)
    xSchedulerRunning                        0x2000005c   Data           4  tasks.o(.data)
    uxPendedTicks                            0x20000060   Data           4  tasks.o(.data)
    xYieldPending                            0x20000064   Data           4  tasks.o(.data)
    xNumOfOverflows                          0x20000068   Data           4  tasks.o(.data)
    uxTaskNumber                             0x2000006c   Data           4  tasks.o(.data)
    xNextTaskUnblockTime                     0x20000070   Data           4  tasks.o(.data)
    xIdleTaskHandle                          0x20000074   Data           4  tasks.o(.data)
    uxSchedulerSuspended                     0x20000078   Data           4  tasks.o(.data)
    .data                                    0x2000007c   Section        4  port.o(.data)
    uxCriticalNesting                        0x2000007c   Data           4  port.o(.data)
    .data                                    0x20000080   Section       24  heap_2.o(.data)
    xStart                                   0x20000080   Data           8  heap_2.o(.data)
    xEnd                                     0x20000088   Data           8  heap_2.o(.data)
    xFreeBytesRemaining                      0x20000090   Data           4  heap_2.o(.data)
    xHeapHasBeenInitialised                  0x20000094   Data           4  heap_2.o(.data)
    .data                                    0x20000098   Section        4  errno.o(.data)
    _errno                                   0x20000098   Data           4  errno.o(.data)
    .bss                                     0x2000009c   Section       30  serial.o(.bss)
    .bss                                     0x200000ba   Section       30  main.o(.bss)
    .bss                                     0x200000d8   Section      200  tasks.o(.bss)
    pxReadyTasksLists                        0x200000d8   Data         100  tasks.o(.bss)
    xDelayedTaskList1                        0x2000013c   Data          20  tasks.o(.bss)
    xDelayedTaskList2                        0x20000150   Data          20  tasks.o(.bss)
    xPendingReadyList                        0x20000164   Data          20  tasks.o(.bss)
    xTasksWaitingTermination                 0x20000178   Data          20  tasks.o(.bss)
    xSuspendedTaskList                       0x2000018c   Data          20  tasks.o(.bss)
    .bss                                     0x200001a0   Section    17408  heap_2.o(.bss)
    ucHeap                                   0x200001a0   Data       17408  heap_2.o(.bss)
    STACK                                    0x200045a0   Section      512  stm32f10x.o(STACK)

    Global Symbols

    Symbol Name                              Value     Ov Type        Size  Object(Section)

    BuildAttributes$$THM_ISAv4$P$D$K$B$S$PE$A:L22UL41UL21$X:L11$S22US41US21$IEEE1$IW$USESV6$~STKCKD$USESV7$~SHL$OSPACE$ROPI$EBA8$MICROLIB$REQ8$PRES8$EABIv2 0x00000000   Number         0  anon$$obj.o ABSOLUTE
    __ARM_use_no_argv                        0x00000000   Number         0  main.o ABSOLUTE
    _printf_a                                0x00000000   Number         0  stubs.o ABSOLUTE
    _printf_c                                0x00000000   Number         0  stubs.o ABSOLUTE
    _printf_charcount                        0x00000000   Number         0  stubs.o ABSOLUTE
    _printf_d                                0x00000000   Number         0  stubs.o ABSOLUTE
    _printf_e                                0x00000000   Number         0  stubs.o ABSOLUTE
    _printf_f                                0x00000000   Number         0  stubs.o ABSOLUTE
    _printf_flags                            0x00000000   Number         0  stubs.o ABSOLUTE
    _printf_fp_dec                           0x00000000   Number         0  stubs.o ABSOLUTE
    _printf_fp_hex                           0x00000000   Number         0  stubs.o ABSOLUTE
    _printf_g                                0x00000000   Number         0  stubs.o ABSOLUTE
    _printf_i                                0x00000000   Number         0  stubs.o ABSOLUTE
    _printf_int_dec                          0x00000000   Number         0  stubs.o ABSOLUTE
    _printf_l                                0x00000000   Number         0  stubs.o ABSOLUTE
    _printf_lc                               0x00000000   Number         0  stubs.o ABSOLUTE
    _printf_ll                               0x00000000   Number         0  stubs.o ABSOLUTE
    _printf_lld                              0x00000000   Number         0  stubs.o ABSOLUTE
    _printf_lli                              0x00000000   Number         0  stubs.o ABSOLUTE
    _printf_llo                              0x00000000   Number         0  stubs.o ABSOLUTE
    _printf_llu                              0x00000000   Number         0  stubs.o ABSOLUTE
    _printf_llx                              0x00000000   Number         0  stubs.o ABSOLUTE
    _printf_longlong_dec                     0x00000000   Number         0  stubs.o ABSOLUTE
    _printf_longlong_hex                     0x00000000   Number         0  stubs.o ABSOLUTE
    _printf_longlong_oct                     0x00000000   Number         0  stubs.o ABSOLUTE
    _printf_ls                               0x00000000   Number         0  stubs.o ABSOLUTE
    _printf_mbtowc                           0x00000000   Number         0  stubs.o ABSOLUTE
    _printf_n                                0x00000000   Number         0  stubs.o ABSOLUTE
    _printf_o                                0x00000000   Number         0  stubs.o ABSOLUTE
    _printf_p                                0x00000000   Number         0  stubs.o ABSOLUTE
    _printf_percent                          0x00000000   Number         0  stubs.o ABSOLUTE
    _printf_pre_padding                      0x00000000   Number         0  stubs.o ABSOLUTE
    _printf_return_value                     0x00000000   Number         0  stubs.o ABSOLUTE
    _printf_s                                0x00000000   Number         0  stubs.o ABSOLUTE
    _printf_sizespec                         0x00000000   Number         0  stubs.o ABSOLUTE
    _printf_str                              0x00000000   Number         0  stubs.o ABSOLUTE
    _printf_truncate_signed                  0x00000000   Number         0  stubs.o ABSOLUTE
    _printf_truncate_unsigned                0x00000000   Number         0  stubs.o ABSOLUTE
    _printf_u                                0x00000000   Number         0  stubs.o ABSOLUTE
    _printf_wc                               0x00000000   Number         0  stubs.o ABSOLUTE
    _printf_wctomb                           0x00000000   Number         0  stubs.o ABSOLUTE
    _printf_widthprec                        0x00000000   Number         0  stubs.o ABSOLUTE
    _printf_x                                0x00000000   Number         0  stubs.o ABSOLUTE
    __cpp_initialize__aeabi_                  - Undefined Weak Reference
    __cxa_finalize                            - Undefined Weak Reference
    __decompress                              - Undefined Weak Reference
    _clock_init                               - Undefined Weak Reference
    _microlib_exit                            - Undefined Weak Reference
    __Vectors                                0x08000000   Data           4  stm32f10x.o(RESET)
    __main                                   0x080000ed   Thumb Code     0  entry.o(.ARM.Collect$$$$00000000)
    _main_stk                                0x080000ed   Thumb Code     0  entry2.o(.ARM.Collect$$$$00000001)
    _main_scatterload                        0x080000f1   Thumb Code     0  entry5.o(.ARM.Collect$$$$00000004)
    __main_after_scatterload                 0x080000f5   Thumb Code     0  entry5.o(.ARM.Collect$$$$00000004)
    _main_clock                              0x080000f5   Thumb Code     0  entry7b.o(.ARM.Collect$$$$00000008)
    _main_cpp_init                           0x080000f5   Thumb Code     0  entry8b.o(.ARM.Collect$$$$0000000A)
    _main_init                               0x080000f5   Thumb Code     0  entry9a.o(.ARM.Collect$$$$0000000B)
    __rt_final_cpp                           0x080000fd   Thumb Code     0  entry10a.o(.ARM.Collect$$$$0000000D)
    __rt_final_exit                          0x080000fd   Thumb Code     0  entry11a.o(.ARM.Collect$$$$0000000F)
    vPortSVCHandler                          0x08000101   Thumb Code    32  port.o(.emb_text)
    __asm___6_port_c_39a90d8d__prvStartFirstTask 0x08000125   Thumb Code    28  port.o(.emb_text)
    xPortPendSVHandler                       0x08000145   Thumb Code    72  port.o(.emb_text)
    vPortGetIPSR                             0x08000191   Thumb Code     6  port.o(.emb_text)
    Reset_Handler                            0x08000199   Thumb Code     4  stm32f10x.o(.text)
    NMI_Handler                              0x0800019d   Thumb Code     2  stm32f10x.o(.text)
    HardFault_Handler                        0x0800019f   Thumb Code     2  stm32f10x.o(.text)
    MemManage_Handler                        0x080001a1   Thumb Code     2  stm32f10x.o(.text)
    BusFault_Handler                         0x080001a3   Thumb Code     2  stm32f10x.o(.text)
    UsageFault_Handler                       0x080001a5   Thumb Code     2  stm32f10x.o(.text)
    SVC_Handler                              0x080001a7   Thumb Code     2  stm32f10x.o(.text)
    DebugMon_Handler                         0x080001a9   Thumb Code     2  stm32f10x.o(.text)
    PendSV_Handler                           0x080001ab   Thumb Code     2  stm32f10x.o(.text)
    SysTick_Handler                          0x080001ad   Thumb Code     2  stm32f10x.o(.text)
    ADC_IRQHandler                           0x080001af   Thumb Code     0  stm32f10x.o(.text)
    CAN_RX1_IRQHandler                       0x080001af   Thumb Code     0  stm32f10x.o(.text)
    CAN_SCE_IRQHandler                       0x080001af   Thumb Code     0  stm32f10x.o(.text)
    DMAChannel1_IRQHandler                   0x080001af   Thumb Code     0  stm32f10x.o(.text)
    DMAChannel2_IRQHandler                   0x080001af   Thumb Code     0  stm32f10x.o(.text)
    DMAChannel3_IRQHandler                   0x080001af   Thumb Code     0  stm32f10x.o(.text)
    DMAChannel4_IRQHandler                   0x080001af   Thumb Code     0  stm32f10x.o(.text)
    DMAChannel5_IRQHandler                   0x080001af   Thumb Code     0  stm32f10x.o(.text)
    DMAChannel6_IRQHandler                   0x080001af   Thumb Code     0  stm32f10x.o(.text)
    DMAChannel7_IRQHandler                   0x080001af   Thumb Code     0  stm32f10x.o(.text)
    EXTI0_IRQHandler                         0x080001af   Thumb Code     0  stm32f10x.o(.text)
    EXTI15_10_IRQHandler                     0x080001af   Thumb Code     0  stm32f10x.o(.text)
    EXTI1_IRQHandler                         0x080001af   Thumb Code     0  stm32f10x.o(.text)
    EXTI2_IRQHandler                         0x080001af   Thumb Code     0  stm32f10x.o(.text)
    EXTI3_IRQHandler                         0x080001af   Thumb Code     0  stm32f10x.o(.text)
    EXTI4_IRQHandler                         0x080001af   Thumb Code     0  stm32f10x.o(.text)
    EXTI9_5_IRQHandler                       0x080001af   Thumb Code     0  stm32f10x.o(.text)
    FLASH_IRQHandler                         0x080001af   Thumb Code     0  stm32f10x.o(.text)
    I2C1_ER_IRQHandler                       0x080001af   Thumb Code     0  stm32f10x.o(.text)
    I2C1_EV_IRQHandler                       0x080001af   Thumb Code     0  stm32f10x.o(.text)
    I2C2_ER_IRQHandler                       0x080001af   Thumb Code     0  stm32f10x.o(.text)
    I2C2_EV_IRQHandler                       0x080001af   Thumb Code     0  stm32f10x.o(.text)
    PVD_IRQHandler                           0x080001af   Thumb Code     0  stm32f10x.o(.text)
    RCC_IRQHandler                           0x080001af   Thumb Code     0  stm32f10x.o(.text)
    RTCAlarm_IRQHandler                      0x080001af   Thumb Code     0  stm32f10x.o(.text)
    RTC_IRQHandler                           0x080001af   Thumb Code     0  stm32f10x.o(.text)
    SPI1_IRQHandler                          0x080001af   Thumb Code     0  stm32f10x.o(.text)
    SPI2_IRQHandler                          0x080001af   Thumb Code     0  stm32f10x.o(.text)
    TAMPER_IRQHandler                        0x080001af   Thumb Code     0  stm32f10x.o(.text)
    TIM1_BRK_IRQHandler                      0x080001af   Thumb Code     0  stm32f10x.o(.text)
    TIM1_CC_IRQHandler                       0x080001af   Thumb Code     0  stm32f10x.o(.text)
    TIM1_TRG_COM_IRQHandler                  0x080001af   Thumb Code     0  stm32f10x.o(.text)
    TIM1_UP_IRQHandler                       0x080001af   Thumb Code     0  stm32f10x.o(.text)
    TIM2_IRQHandler                          0x080001af   Thumb Code     0  stm32f10x.o(.text)
    TIM3_IRQHandler                          0x080001af   Thumb Code     0  stm32f10x.o(.text)
    TIM4_IRQHandler                          0x080001af   Thumb Code     0  stm32f10x.o(.text)
    USART1_IRQHandler                        0x080001af   Thumb Code     0  stm32f10x.o(.text)
    USART2_IRQHandler                        0x080001af   Thumb Code     0  stm32f10x.o(.text)
    USART3_IRQHandler                        0x080001af   Thumb Code     0  stm32f10x.o(.text)
    USBWakeUp_IRQHandler                     0x080001af   Thumb Code     0  stm32f10x.o(.text)
    USB_HP_CAN_TX_IRQHandler                 0x080001af   Thumb Code     0  stm32f10x.o(.text)
    USB_LP_CAN_RX0_IRQHandler                0x080001af   Thumb Code     0  stm32f10x.o(.text)
    WWDG_IRQHandler                          0x080001af   Thumb Code     0  stm32f10x.o(.text)
    __WFI                                    0x080001b5   Thumb Code     0  cortexm3_macro_rvds.o(.text)
    __WFE                                    0x080001b9   Thumb Code     0  cortexm3_macro_rvds.o(.text)
    __SEV                                    0x080001bd   Thumb Code     0  cortexm3_macro_rvds.o(.text)
    __ISB                                    0x080001c1   Thumb Code     0  cortexm3_macro_rvds.o(.text)
    __DSB                                    0x080001c7   Thumb Code     0  cortexm3_macro_rvds.o(.text)
    __DMB                                    0x080001cd   Thumb Code     0  cortexm3_macro_rvds.o(.text)
    __SVC                                    0x080001d3   Thumb Code     0  cortexm3_macro_rvds.o(.text)
    __MRS_CONTROL                            0x080001d7   Thumb Code     0  cortexm3_macro_rvds.o(.text)
    __MSR_CONTROL                            0x080001dd   Thumb Code     0  cortexm3_macro_rvds.o(.text)
    __MRS_PSP                                0x080001e7   Thumb Code     0  cortexm3_macro_rvds.o(.text)
    __MSR_PSP                                0x080001ed   Thumb Code     0  cortexm3_macro_rvds.o(.text)
    __MRS_MSP                                0x080001f3   Thumb Code     0  cortexm3_macro_rvds.o(.text)
    __MSR_MSP                                0x080001f9   Thumb Code     0  cortexm3_macro_rvds.o(.text)
    __SETPRIMASK                             0x080001ff   Thumb Code     0  cortexm3_macro_rvds.o(.text)
    __RESETPRIMASK                           0x08000203   Thumb Code     0  cortexm3_macro_rvds.o(.text)
    __SETFAULTMASK                           0x08000207   Thumb Code     0  cortexm3_macro_rvds.o(.text)
    __RESETFAULTMASK                         0x0800020b   Thumb Code     0  cortexm3_macro_rvds.o(.text)
    __BASEPRICONFIG                          0x0800020f   Thumb Code     0  cortexm3_macro_rvds.o(.text)
    __GetBASEPRI                             0x08000215   Thumb Code     0  cortexm3_macro_rvds.o(.text)
    __REV_HalfWord                           0x0800021b   Thumb Code     0  cortexm3_macro_rvds.o(.text)
    __REV_Word                               0x0800021f   Thumb Code     0  cortexm3_macro_rvds.o(.text)
    USART_DeInit                             0x08000225   Thumb Code    88  stm32f10x_usart.o(.text)
    USART_Init                               0x0800027d   Thumb Code   168  stm32f10x_usart.o(.text)
    USART_StructInit                         0x08000325   Thumb Code    32  stm32f10x_usart.o(.text)
    USART_Cmd                                0x08000345   Thumb Code    24  stm32f10x_usart.o(.text)
    USART_ITConfig                           0x0800035d   Thumb Code    64  stm32f10x_usart.o(.text)
    USART_DMACmd                             0x0800039d   Thumb Code    18  stm32f10x_usart.o(.text)
    USART_SetAddress                         0x080003af   Thumb Code    18  stm32f10x_usart.o(.text)
    USART_WakeUpConfig                       0x080003c1   Thumb Code    18  stm32f10x_usart.o(.text)
    USART_ReceiverWakeUpCmd                  0x080003d3   Thumb Code    24  stm32f10x_usart.o(.text)
    USART_LINBreakDetectLengthConfig         0x080003eb   Thumb Code    18  stm32f10x_usart.o(.text)
    USART_LINCmd                             0x080003fd   Thumb Code    24  stm32f10x_usart.o(.text)
    USART_SendData                           0x08000415   Thumb Code     8  stm32f10x_usart.o(.text)
    USART_ReceiveData                        0x0800041d   Thumb Code    10  stm32f10x_usart.o(.text)
    USART_SendBreak                          0x08000427   Thumb Code    10  stm32f10x_usart.o(.text)
    USART_SetGuardTime                       0x08000431   Thumb Code    16  stm32f10x_usart.o(.text)
    USART_SetPrescaler                       0x08000441   Thumb Code    16  stm32f10x_usart.o(.text)
    USART_SmartCardCmd                       0x08000451   Thumb Code    24  stm32f10x_usart.o(.text)
    USART_SmartCardNACKCmd                   0x08000469   Thumb Code    24  stm32f10x_usart.o(.text)
    USART_HalfDuplexCmd                      0x08000481   Thumb Code    24  stm32f10x_usart.o(.text)
    USART_IrDAConfig                         0x08000499   Thumb Code    18  stm32f10x_usart.o(.text)
    USART_IrDACmd                            0x080004ab   Thumb Code    24  stm32f10x_usart.o(.text)
    USART_GetFlagStatus                      0x080004c3   Thumb Code    18  stm32f10x_usart.o(.text)
    USART_ClearFlag                          0x080004d5   Thumb Code     8  stm32f10x_usart.o(.text)
    USART_GetITStatus                        0x080004dd   Thumb Code    76  stm32f10x_usart.o(.text)
    USART_ClearITPendingBit                  0x08000529   Thumb Code    22  stm32f10x_usart.o(.text)
    GPIO_DeInit                              0x08000549   Thumb Code   138  stm32f10x_gpio.o(.text)
    GPIO_AFIODeInit                          0x080005d3   Thumb Code    20  stm32f10x_gpio.o(.text)
    GPIO_Init                                0x080005e7   Thumb Code   278  stm32f10x_gpio.o(.text)
    GPIO_StructInit                          0x080006fd   Thumb Code    16  stm32f10x_gpio.o(.text)
    GPIO_ReadInputDataBit                    0x0800070d   Thumb Code    18  stm32f10x_gpio.o(.text)
    GPIO_ReadInputData                       0x0800071f   Thumb Code     8  stm32f10x_gpio.o(.text)
    GPIO_ReadOutputDataBit                   0x08000727   Thumb Code    18  stm32f10x_gpio.o(.text)
    GPIO_ReadOutputData                      0x08000739   Thumb Code     8  stm32f10x_gpio.o(.text)
    GPIO_WriteBit                            0x08000741   Thumb Code    10  stm32f10x_gpio.o(.text)
    GPIO_Write                               0x0800074b   Thumb Code     4  stm32f10x_gpio.o(.text)
    GPIO_PinLockConfig                       0x0800074f   Thumb Code    18  stm32f10x_gpio.o(.text)
    GPIO_EventOutputConfig                   0x08000761   Thumb Code    26  stm32f10x_gpio.o(.text)
    GPIO_EventOutputCmd                      0x0800077b   Thumb Code     6  stm32f10x_gpio.o(.text)
    GPIO_PinRemapConfig                      0x08000781   Thumb Code    86  stm32f10x_gpio.o(.text)
    GPIO_EXTILineConfig                      0x080007d7   Thumb Code    66  stm32f10x_gpio.o(.text)
    NVIC_DeInit                              0x08000829   Thumb Code    54  stm32f10x_nvic.o(.text)
    NVIC_SCBDeInit                           0x0800085f   Thumb Code    76  stm32f10x_nvic.o(.text)
    NVIC_PriorityGroupConfig                 0x080008ab   Thumb Code    12  stm32f10x_nvic.o(.text)
    NVIC_Init                                0x080008b7   Thumb Code   152  stm32f10x_nvic.o(.text)
    NVIC_StructInit                          0x0800094f   Thumb Code    12  stm32f10x_nvic.o(.text)
    NVIC_SETPRIMASK                          0x0800095b   Thumb Code     8  stm32f10x_nvic.o(.text)
    NVIC_RESETPRIMASK                        0x08000963   Thumb Code     8  stm32f10x_nvic.o(.text)
    NVIC_SETFAULTMASK                        0x0800096b   Thumb Code     8  stm32f10x_nvic.o(.text)
    NVIC_RESETFAULTMASK                      0x08000973   Thumb Code     8  stm32f10x_nvic.o(.text)
    NVIC_BASEPRICONFIG                       0x0800097b   Thumb Code    12  stm32f10x_nvic.o(.text)
    NVIC_GetBASEPRI                          0x08000987   Thumb Code     8  stm32f10x_nvic.o(.text)
    NVIC_GetCurrentPendingIRQChannel         0x0800098f   Thumb Code    10  stm32f10x_nvic.o(.text)
    NVIC_GetIRQChannelPendingBitStatus       0x08000999   Thumb Code    42  stm32f10x_nvic.o(.text)
    NVIC_SetIRQChannelPendingBit             0x080009c3   Thumb Code     6  stm32f10x_nvic.o(.text)
    NVIC_ClearIRQChannelPendingBit           0x080009c9   Thumb Code    20  stm32f10x_nvic.o(.text)
    NVIC_GetCurrentActiveHandler             0x080009dd   Thumb Code    10  stm32f10x_nvic.o(.text)
    NVIC_GetIRQChannelActiveBitStatus        0x080009e7   Thumb Code    42  stm32f10x_nvic.o(.text)
    NVIC_GetCPUID                            0x08000a11   Thumb Code     8  stm32f10x_nvic.o(.text)
    NVIC_SetVectorTable                      0x08000a19   Thumb Code    22  stm32f10x_nvic.o(.text)
    NVIC_GenerateSystemReset                 0x08000a2f   Thumb Code    12  stm32f10x_nvic.o(.text)
    NVIC_GenerateCoreReset                   0x08000a3b   Thumb Code    12  stm32f10x_nvic.o(.text)
    NVIC_SystemLPConfig                      0x08000a47   Thumb Code    34  stm32f10x_nvic.o(.text)
    NVIC_SystemHandlerConfig                 0x08000a69   Thumb Code    48  stm32f10x_nvic.o(.text)
    NVIC_SystemHandlerPriorityConfig         0x08000a99   Thumb Code   110  stm32f10x_nvic.o(.text)
    NVIC_GetSystemHandlerPendingBitStatus    0x08000b07   Thumb Code    44  stm32f10x_nvic.o(.text)
    NVIC_SetSystemHandlerPendingBit          0x08000b33   Thumb Code    22  stm32f10x_nvic.o(.text)
    NVIC_ClearSystemHandlerPendingBit        0x08000b49   Thumb Code    26  stm32f10x_nvic.o(.text)
    NVIC_GetSystemHandlerActiveBitStatus     0x08000b63   Thumb Code    42  stm32f10x_nvic.o(.text)
    NVIC_GetFaultHandlerSources              0x08000b8d   Thumb Code    66  stm32f10x_nvic.o(.text)
    NVIC_GetFaultAddress                     0x08000bcf   Thumb Code    28  stm32f10x_nvic.o(.text)
    RCC_DeInit                               0x08000c09   Thumb Code    78  stm32f10x_rcc.o(.text)
    RCC_HSEConfig                            0x08000c57   Thumb Code    70  stm32f10x_rcc.o(.text)
    RCC_AdjustHSICalibrationValue            0x08000c9d   Thumb Code    20  stm32f10x_rcc.o(.text)
    RCC_HSICmd                               0x08000cb1   Thumb Code     6  stm32f10x_rcc.o(.text)
    RCC_PLLConfig                            0x08000cb7   Thumb Code    24  stm32f10x_rcc.o(.text)
    RCC_PLLCmd                               0x08000ccf   Thumb Code     6  stm32f10x_rcc.o(.text)
    RCC_SYSCLKConfig                         0x08000cd5   Thumb Code    18  stm32f10x_rcc.o(.text)
    RCC_GetSYSCLKSource                      0x08000ce7   Thumb Code    10  stm32f10x_rcc.o(.text)
    RCC_HCLKConfig                           0x08000cf1   Thumb Code    18  stm32f10x_rcc.o(.text)
    RCC_PCLK1Config                          0x08000d03   Thumb Code    18  stm32f10x_rcc.o(.text)
    RCC_PCLK2Config                          0x08000d15   Thumb Code    20  stm32f10x_rcc.o(.text)
    RCC_ITConfig                             0x08000d29   Thumb Code    26  stm32f10x_rcc.o(.text)
    RCC_USBCLKConfig                         0x08000d43   Thumb Code     8  stm32f10x_rcc.o(.text)
    RCC_ADCCLKConfig                         0x08000d4b   Thumb Code    18  stm32f10x_rcc.o(.text)
    RCC_LSEConfig                            0x08000d5d   Thumb Code    50  stm32f10x_rcc.o(.text)
    RCC_LSICmd                               0x08000d8f   Thumb Code     6  stm32f10x_rcc.o(.text)
    RCC_RTCCLKConfig                         0x08000d95   Thumb Code    12  stm32f10x_rcc.o(.text)
    RCC_RTCCLKCmd                            0x08000da1   Thumb Code     8  stm32f10x_rcc.o(.text)
    RCC_GetClocksFreq                        0x08000da9   Thumb Code   192  stm32f10x_rcc.o(.text)
    RCC_AHBPeriphClockCmd                    0x08000e69   Thumb Code    26  stm32f10x_rcc.o(.text)
    RCC_APB2PeriphClockCmd                   0x08000e83   Thumb Code    26  stm32f10x_rcc.o(.text)
    RCC_APB1PeriphClockCmd                   0x08000e9d   Thumb Code    26  stm32f10x_rcc.o(.text)
    RCC_APB2PeriphResetCmd                   0x08000eb7   Thumb Code    26  stm32f10x_rcc.o(.text)
    RCC_APB1PeriphResetCmd                   0x08000ed1   Thumb Code    26  stm32f10x_rcc.o(.text)
    RCC_BackupResetCmd                       0x08000eeb   Thumb Code     8  stm32f10x_rcc.o(.text)
    RCC_ClockSecuritySystemCmd               0x08000ef3   Thumb Code     6  stm32f10x_rcc.o(.text)
    RCC_MCOConfig                            0x08000ef9   Thumb Code     6  stm32f10x_rcc.o(.text)
    RCC_GetFlagStatus                        0x08000eff   Thumb Code    56  stm32f10x_rcc.o(.text)
    RCC_ClearFlag                            0x08000f37   Thumb Code    14  stm32f10x_rcc.o(.text)
    RCC_GetITStatus                          0x08000f45   Thumb Code    20  stm32f10x_rcc.o(.text)
    RCC_ClearITPendingBit                    0x08000f59   Thumb Code     6  stm32f10x_rcc.o(.text)
    SysTick_CLKSourceConfig                  0x08000f85   Thumb Code    40  stm32f10x_systick.o(.text)
    SysTick_SetReload                        0x08000fad   Thumb Code     8  stm32f10x_systick.o(.text)
    SysTick_CounterCmd                       0x08000fb5   Thumb Code    52  stm32f10x_systick.o(.text)
    SysTick_ITConfig                         0x08000fe9   Thumb Code    38  stm32f10x_systick.o(.text)
    SysTick_GetCounter                       0x0800100f   Thumb Code     8  stm32f10x_systick.o(.text)
    SysTick_GetFlagStatus                    0x08001017   Thumb Code    50  stm32f10x_systick.o(.text)
    TIM_DeInit                               0x08001049   Thumb Code    84  stm32f10x_tim.o(.text)
    TIM_TimeBaseInit                         0x0800109d   Thumb Code    30  stm32f10x_tim.o(.text)
    TIM_OCInit                               0x080010bb   Thumb Code   214  stm32f10x_tim.o(.text)
    TIM_SetIC1Prescaler                      0x08001191   Thumb Code    18  stm32f10x_tim.o(.text)
    TIM_SetIC2Prescaler                      0x080011db   Thumb Code    26  stm32f10x_tim.o(.text)
    TIM_SetIC4Prescaler                      0x080012c1   Thumb Code    26  stm32f10x_tim.o(.text)
    TIM_SetIC3Prescaler                      0x0800132d   Thumb Code    18  stm32f10x_tim.o(.text)
    TIM_ICInit                               0x08001381   Thumb Code   126  stm32f10x_tim.o(.text)
    TIM_TimeBaseStructInit                   0x080013ff   Thumb Code    12  stm32f10x_tim.o(.text)
    TIM_OCStructInit                         0x0800140b   Thumb Code    12  stm32f10x_tim.o(.text)
    TIM_ICStructInit                         0x08001417   Thumb Code    34  stm32f10x_tim.o(.text)
    TIM_Cmd                                  0x08001439   Thumb Code    24  stm32f10x_tim.o(.text)
    TIM_ITConfig                             0x08001451   Thumb Code    18  stm32f10x_tim.o(.text)
    TIM_DMAConfig                            0x08001463   Thumb Code    22  stm32f10x_tim.o(.text)
    TIM_DMACmd                               0x08001479   Thumb Code    24  stm32f10x_tim.o(.text)
    TIM_InternalClockConfig                  0x08001491   Thumb Code    12  stm32f10x_tim.o(.text)
    TIM_SelectInputTrigger                   0x0800149d   Thumb Code    18  stm32f10x_tim.o(.text)
    TIM_ITRxExternalClockConfig              0x080014af   Thumb Code    24  stm32f10x_tim.o(.text)
    TIM_TIxExternalClockConfig               0x080014c7   Thumb Code    62  stm32f10x_tim.o(.text)
    TIM_ETRClockMode1Config                  0x0800151f   Thumb Code    64  stm32f10x_tim.o(.text)
    TIM_ETRClockMode2Config                  0x0800155f   Thumb Code    36  stm32f10x_tim.o(.text)
    TIM_PrescalerConfig                      0x08001583   Thumb Code    26  stm32f10x_tim.o(.text)
    TIM_CounterModeConfig                    0x0800159d   Thumb Code    18  stm32f10x_tim.o(.text)
    TIM_ForcedOC1Config                      0x080015af   Thumb Code    18  stm32f10x_tim.o(.text)
    TIM_ForcedOC2Config                      0x080015c1   Thumb Code    26  stm32f10x_tim.o(.text)
    TIM_ForcedOC3Config                      0x080015db   Thumb Code    18  stm32f10x_tim.o(.text)
    TIM_ForcedOC4Config                      0x080015ed   Thumb Code    26  stm32f10x_tim.o(.text)
    TIM_ARRPreloadConfig                     0x08001607   Thumb Code    24  stm32f10x_tim.o(.text)
    TIM_SelectCCDMA                          0x0800161f   Thumb Code    22  stm32f10x_tim.o(.text)
    TIM_OC1PreloadConfig                     0x08001635   Thumb Code    18  stm32f10x_tim.o(.text)
    TIM_OC2PreloadConfig                     0x08001647   Thumb Code    26  stm32f10x_tim.o(.text)
    TIM_OC3PreloadConfig                     0x08001661   Thumb Code    18  stm32f10x_tim.o(.text)
    TIM_OC4PreloadConfig                     0x08001673   Thumb Code    26  stm32f10x_tim.o(.text)
    TIM_OC1FastConfig                        0x0800168d   Thumb Code    18  stm32f10x_tim.o(.text)
    TIM_OC2FastConfig                        0x0800169f   Thumb Code    26  stm32f10x_tim.o(.text)
    TIM_OC3FastConfig                        0x080016b9   Thumb Code    18  stm32f10x_tim.o(.text)
    TIM_OC4FastConfig                        0x080016cb   Thumb Code    26  stm32f10x_tim.o(.text)
    TIM_UpdateDisableConfig                  0x080016e5   Thumb Code    24  stm32f10x_tim.o(.text)
    TIM_EncoderInterfaceConfig               0x080016fd   Thumb Code    66  stm32f10x_tim.o(.text)
    TIM_GenerateEvent                        0x0800173f   Thumb Code     8  stm32f10x_tim.o(.text)
    TIM_OC1PolarityConfig                    0x08001747   Thumb Code    18  stm32f10x_tim.o(.text)
    TIM_OC2PolarityConfig                    0x08001759   Thumb Code    26  stm32f10x_tim.o(.text)
    TIM_OC3PolarityConfig                    0x08001773   Thumb Code    26  stm32f10x_tim.o(.text)
    TIM_OC4PolarityConfig                    0x0800178d   Thumb Code    26  stm32f10x_tim.o(.text)
    TIM_UpdateRequestConfig                  0x080017a7   Thumb Code    26  stm32f10x_tim.o(.text)
    TIM_SelectHallSensor                     0x080017c1   Thumb Code    24  stm32f10x_tim.o(.text)
    TIM_SelectOnePulseMode                   0x080017d9   Thumb Code    18  stm32f10x_tim.o(.text)
    TIM_SelectOutputTrigger                  0x080017eb   Thumb Code    16  stm32f10x_tim.o(.text)
    TIM_SelectSlaveMode                      0x080017fb   Thumb Code    18  stm32f10x_tim.o(.text)
    TIM_SelectMasterSlaveMode                0x0800180d   Thumb Code    18  stm32f10x_tim.o(.text)
    TIM_SetAutoreload                        0x0800181f   Thumb Code     4  stm32f10x_tim.o(.text)
    TIM_SetCompare1                          0x08001823   Thumb Code     4  stm32f10x_tim.o(.text)
    TIM_SetCompare2                          0x08001827   Thumb Code     4  stm32f10x_tim.o(.text)
    TIM_SetCompare3                          0x0800182b   Thumb Code     4  stm32f10x_tim.o(.text)
    TIM_SetCompare4                          0x0800182f   Thumb Code     6  stm32f10x_tim.o(.text)
    TIM_SetClockDivision                     0x08001835   Thumb Code    14  stm32f10x_tim.o(.text)
    TIM_GetCapture1                          0x08001843   Thumb Code     6  stm32f10x_tim.o(.text)
    TIM_GetCapture2                          0x08001849   Thumb Code     6  stm32f10x_tim.o(.text)
    TIM_GetCapture3                          0x0800184f   Thumb Code     6  stm32f10x_tim.o(.text)
    TIM_GetCapture4                          0x08001855   Thumb Code     8  stm32f10x_tim.o(.text)
    TIM_GetCounter                           0x0800185d   Thumb Code     6  stm32f10x_tim.o(.text)
    TIM_GetPrescaler                         0x08001863   Thumb Code     6  stm32f10x_tim.o(.text)
    TIM_GetFlagStatus                        0x08001869   Thumb Code    18  stm32f10x_tim.o(.text)
    TIM_ClearFlag                            0x0800187b   Thumb Code     8  stm32f10x_tim.o(.text)
    TIM_GetITStatus                          0x08001883   Thumb Code    34  stm32f10x_tim.o(.text)
    TIM_ClearITPendingBit                    0x080018a5   Thumb Code     8  stm32f10x_tim.o(.text)
    vParTestInitialise                       0x080018ad   Thumb Code    32  partest.o(.text)
    vParTestSetLED                           0x080018cd   Thumb Code    66  partest.o(.text)
    vParTestToggleLED                        0x0800190f   Thumb Code    64  partest.o(.text)
    xSerialPortInitMinimal                   0x08001959   Thumb Code   230  serial.o(.text)
    xSerialGetChar                           0x08001a3f   Thumb Code    30  serial.o(.text)
    xSerialPutChar                           0x08001a5d   Thumb Code    46  serial.o(.text)
    vSerialPutString                         0x08001a8b   Thumb Code    38  serial.o(.text)
    vSerialClose                             0x08001ab1   Thumb Code     2  serial.o(.text)
    vUARTInterruptHandler                    0x08001ab3   Thumb Code   154  serial.o(.text)
    vSetupTimerTest                          0x08001b71   Thumb Code   156  timertest.o(.text)
    vTimer2IntHandler                        0x08001c0d   Thumb Code    72  timertest.o(.text)
    vApplicationStackOverflowHook            0x08001c69   Thumb Code     4  main.o(.text)
    vTaskDataRead                            0x08001c6d   Thumb Code   110  main.o(.text)
    vTaskLedGreen                            0x08001cdb   Thumb Code    28  main.o(.text)
    main                                     0x08001d85   Thumb Code   112  main.o(.text)
    vTaskLedRed                              0x08001df5   Thumb Code    22  main.o(.text)
    vTaskLedYellow                           0x08001e0b   Thumb Code    24  main.o(.text)
    vAltStartComTestTasks                    0x08001f0b   Thumb Code    60  comtest.o(.text)
    xAreComTestTasksStillRunning             0x08001f47   Thumb Code    20  comtest.o(.text)
    xTaskCreate                              0x080020dd   Thumb Code    96  tasks.o(.text)
    vTaskDelete                              0x08002179   Thumb Code   166  tasks.o(.text)
    xTaskIncrementTick                       0x0800221f   Thumb Code   238  tasks.o(.text)
    xTaskResumeAll                           0x0800230d   Thumb Code   284  tasks.o(.text)
    vTaskSuspendAll                          0x080024a5   Thumb Code    12  tasks.o(.text)
    vTaskDelayUntil                          0x080024b1   Thumb Code   106  tasks.o(.text)
    vTaskDelay                               0x0800251b   Thumb Code    46  tasks.o(.text)
    uxTaskPriorityGet                        0x08002549   Thumb Code    30  tasks.o(.text)
    uxTaskPriorityGetFromISR                 0x08002567   Thumb Code    52  tasks.o(.text)
    vTaskPrioritySet                         0x0800259b   Thumb Code   216  tasks.o(.text)
    vTaskSwitchContext                       0x08002673   Thumb Code    76  tasks.o(.text)
    vTaskSuspend                             0x080026bf   Thumb Code   174  tasks.o(.text)
    vTaskResume                              0x080027a5   Thumb Code   170  tasks.o(.text)
    xTaskResumeFromISR                       0x0800284f   Thumb Code   130  tasks.o(.text)
    vTaskStartScheduler                      0x0800292d   Thumb Code    72  tasks.o(.text)
    vTaskEndScheduler                        0x08002975   Thumb Code    32  tasks.o(.text)
    xTaskGetTickCount                        0x08002995   Thumb Code     6  tasks.o(.text)
    xTaskGetTickCountFromISR                 0x0800299b   Thumb Code     8  tasks.o(.text)
    uxTaskGetNumberOfTasks                   0x080029a3   Thumb Code     6  tasks.o(.text)
    pcTaskGetName                            0x080029a9   Thumb Code    20  tasks.o(.text)
    vTaskPlaceOnEventList                    0x080029bd   Thumb Code    28  tasks.o(.text)
    vTaskPlaceOnUnorderedEventList           0x080029d9   Thumb Code    40  tasks.o(.text)
    xTaskRemoveFromEventList                 0x08002a01   Thumb Code   104  tasks.o(.text)
    vTaskRemoveFromUnorderedEventList        0x08002a69   Thumb Code    82  tasks.o(.text)
    vTaskSetTimeOutState                     0x08002abb   Thumb Code    26  tasks.o(.text)
    vTaskInternalSetTimeOutState             0x08002ad5   Thumb Code    14  tasks.o(.text)
    xTaskCheckForTimeOut                     0x08002ae3   Thumb Code    84  tasks.o(.text)
    vTaskMissedYield                         0x08002b37   Thumb Code     8  tasks.o(.text)
    uxTaskResetEventItemValue                0x08002b3f   Thumb Code    24  tasks.o(.text)
    ulTaskNotifyTake                         0x08002b57   Thumb Code   108  tasks.o(.text)
    xTaskNotifyWait                          0x08002bc3   Thumb Code   224  tasks.o(.text)
    xTaskGenericNotify                       0x08002ca3   Thumb Code   178  tasks.o(.text)
    xTaskGenericNotifyFromISR                0x08002d55   Thumb Code   228  tasks.o(.text)
    vTaskNotifyGiveFromISR                   0x08002e39   Thumb Code   154  tasks.o(.text)
    xTaskNotifyStateClear                    0x08002ed3   Thumb Code    48  tasks.o(.text)
    vListInitialise                          0x08002f21   Thumb Code    26  list.o(.text)
    vListInitialiseItem                      0x08002f3b   Thumb Code     6  list.o(.text)
    vListInsertEnd                           0x08002f41   Thumb Code    24  list.o(.text)
    vListInsert                              0x08002f59   Thumb Code    52  list.o(.text)
    uxListRemove                             0x08002f8d   Thumb Code    40  list.o(.text)
    xQueueGenericReset                       0x08002fb5   Thumb Code   122  queue.o(.text)
    xQueueGenericCreate                      0x08003055   Thumb Code    56  queue.o(.text)
    xQueueGenericSend                        0x08003193   Thumb Code   276  queue.o(.text)
    xQueueGenericSendFromISR                 0x080032a7   Thumb Code   134  queue.o(.text)
    xQueueGiveFromISR                        0x0800332d   Thumb Code   120  queue.o(.text)
    xQueueReceive                            0x080033ed   Thumb Code   256  queue.o(.text)
    xQueueSemaphoreTake                      0x080034ed   Thumb Code   234  queue.o(.text)
    xQueuePeek                               0x080035d7   Thumb Code   262  queue.o(.text)
    xQueueReceiveFromISR                     0x080036dd   Thumb Code   130  queue.o(.text)
    xQueuePeekFromISR                        0x0800375f   Thumb Code    74  queue.o(.text)
    uxQueueMessagesWaiting                   0x080037a9   Thumb Code    18  queue.o(.text)
    uxQueueSpacesAvailable                   0x080037bb   Thumb Code    24  queue.o(.text)
    uxQueueMessagesWaitingFromISR            0x080037d3   Thumb Code     6  queue.o(.text)
    vQueueDelete                             0x080037d9   Thumb Code    14  queue.o(.text)
    xQueueIsQueueEmptyFromISR                0x080037e7   Thumb Code    14  queue.o(.text)
    xQueueIsQueueFullFromISR                 0x080037f5   Thumb Code    18  queue.o(.text)
    pxPortInitialiseStack                    0x08003823   Thumb Code    30  port.o(.text)
    vPortSetupTimerInterrupt                 0x08003841   Thumb Code    20  port.o(.text)
    xPortStartScheduler                      0x08003855   Thumb Code    42  port.o(.text)
    vPortEndScheduler                        0x0800387f   Thumb Code     2  port.o(.text)
    vPortEnterCritical                       0x08003881   Thumb Code    30  port.o(.text)
    vPortExitCritical                        0x0800389f   Thumb Code    28  port.o(.text)
    xPortSysTickHandler                      0x080038bb   Thumb Code    48  port.o(.text)
    pvPortMalloc                             0x08003927   Thumb Code   166  heap_2.o(.text)
    vPortFree                                0x080039cd   Thumb Code    56  heap_2.o(.text)
    xPortGetFreeHeapSize                     0x08003a05   Thumb Code     6  heap_2.o(.text)
    vPortInitialiseBlocks                    0x08003a0b   Thumb Code     2  heap_2.o(.text)
    ledInit                                  0x08003a21   Thumb Code    40  library.o(.text)
    USART_Initial                            0x08003a49   Thumb Code   132  library.o(.text)
    Motor_Init                               0x08003acd   Thumb Code    16  library.o(.text)
    getLeftRight                             0x08003add   Thumb Code   402  library.o(.text)
    U_Print                                  0x08003c7d   Thumb Code    74  usart_print.o(.text)
    U_Print_Char                             0x08003cc7   Thumb Code    48  usart_print.o(.text)
    U_Print_float                            0x08003cf7   Thumb Code    88  usart_print.o(.text)
    Driver_RCC_Init                          0x08003d5d   Thumb Code    20  motor_driver.o(.text)
    Driver_GPIO_Init                         0x08003d71   Thumb Code    56  motor_driver.o(.text)
    Driver_PWM_Init                          0x08003da9   Thumb Code   100  motor_driver.o(.text)
    Control                                  0x08003e0d   Thumb Code   120  motor_driver.o(.text)
    __aeabi_memcpy                           0x08003e89   Thumb Code    36  memcpya.o(.text)
    __aeabi_memcpy4                          0x08003e89   Thumb Code     0  memcpya.o(.text)
    __aeabi_memcpy8                          0x08003e89   Thumb Code     0  memcpya.o(.text)
    __aeabi_memset                           0x08003ead   Thumb Code    14  memseta.o(.text)
    __aeabi_memset4                          0x08003ead   Thumb Code     0  memseta.o(.text)
    __aeabi_memset8                          0x08003ead   Thumb Code     0  memseta.o(.text)
    __aeabi_memclr                           0x08003ebb   Thumb Code     4  memseta.o(.text)
    __aeabi_memclr4                          0x08003ebb   Thumb Code     0  memseta.o(.text)
    __aeabi_memclr8                          0x08003ebb   Thumb Code     0  memseta.o(.text)
    _memset$wrapper                          0x08003ebf   Thumb Code    18  memseta.o(.text)
    strncpy                                  0x08003ed1   Thumb Code    24  strncpy.o(.text)
    atoi                                     0x08003ee9   Thumb Code    26  atoi.o(.text)
    __aeabi_f2d                              0x08003f03   Thumb Code    38  f2d.o(.text)
    __aeabi_uidiv                            0x08003f29   Thumb Code     0  uidiv.o(.text)
    __aeabi_uidivmod                         0x08003f29   Thumb Code    44  uidiv.o(.text)
    __aeabi_uldivmod                         0x08003f55   Thumb Code    98  uldiv.o(.text)
    strtol                                   0x08003fb7   Thumb Code   112  strtol.o(.text)
    __I$use$fp                               0x08004027   Thumb Code     0  iusefp.o(.text)
    __aeabi_dadd                             0x08004027   Thumb Code   322  dadd.o(.text)
    __aeabi_dsub                             0x08004169   Thumb Code     6  dadd.o(.text)
    __aeabi_drsub                            0x0800416f   Thumb Code     6  dadd.o(.text)
    __aeabi_dmul                             0x08004175   Thumb Code   228  dmul.o(.text)
    __aeabi_ddiv                             0x08004259   Thumb Code   222  ddiv.o(.text)
    __aeabi_d2ulz                            0x08004337   Thumb Code    48  dfixul.o(.text)
    __aeabi_cdrcmple                         0x08004369   Thumb Code    48  cdrcmple.o(.text)
    __scatterload                            0x08004399   Thumb Code    28  init.o(.text)
    __scatterload_rt2                        0x08004399   Thumb Code     0  init.o(.text)
    __aeabi_llsl                             0x080043bd   Thumb Code    30  llshl.o(.text)
    _ll_shift_l                              0x080043bd   Thumb Code     0  llshl.o(.text)
    __aeabi_llsr                             0x080043db   Thumb Code    32  llushr.o(.text)
    _ll_ushift_r                             0x080043db   Thumb Code     0  llushr.o(.text)
    __aeabi_lasr                             0x080043fb   Thumb Code    36  llsshr.o(.text)
    _ll_sshift_r                             0x080043fb   Thumb Code     0  llsshr.o(.text)
    __rt_ctype_table                         0x08004421   Thumb Code     4  ctype_o.o(.text)
    _strtoul                                 0x08004429   Thumb Code   158  _strtoul.o(.text)
    _double_round                            0x080044c7   Thumb Code    30  depilogue.o(.text)
    _double_epilogue                         0x080044e5   Thumb Code   156  depilogue.o(.text)
    _chval                                   0x08004581   Thumb Code    28  _chval.o(.text)
    __0sprintf                               0x0800459d   Thumb Code    34  printfa.o(i.__0sprintf)
    __1sprintf                               0x0800459d   Thumb Code     0  printfa.o(i.__0sprintf)
    __2sprintf                               0x0800459d   Thumb Code     0  printfa.o(i.__0sprintf)
    __c89sprintf                             0x0800459d   Thumb Code     0  printfa.o(i.__0sprintf)
    sprintf                                  0x0800459d   Thumb Code     0  printfa.o(i.__0sprintf)
    __aeabi_errno_addr                       0x080045c5   Thumb Code     4  errno.o(i.__aeabi_errno_addr)
    __rt_errno_addr                          0x080045c5   Thumb Code     0  errno.o(i.__aeabi_errno_addr)
    __scatterload_copy                       0x080045cd   Thumb Code    14  handlers.o(i.__scatterload_copy)
    __scatterload_null                       0x080045db   Thumb Code     2  handlers.o(i.__scatterload_null)
    __scatterload_zeroinit                   0x080045dd   Thumb Code    14  handlers.o(i.__scatterload_zeroinit)
    __ctype_table                            0x08004ecc   Data         129  ctype_o.o(.constdata)
    Region$$Table$$Base                      0x08004f54   Number         0  anon$$obj.o(Region$$Table)
    Region$$Table$$Limit                     0x08004f74   Number         0  anon$$obj.o(Region$$Table)
    postemp                                  0x2000000c   Data           1  serial.o(.data)
    usMaxJitter                              0x2000000e   Data           2  timertest.o(.data)
    pos                                      0x20000018   Data           1  main.o(.data)
    ok                                       0x20000019   Data           1  main.o(.data)
    x                                        0x2000001c   Data           4  main.o(.data)
    y                                        0x20000020   Data           4  main.o(.data)
    _motor                                   0x20000024   Data           8  main.o(.data)
    left_right_gotsignal                     0x2000002c   Data           4  main.o(.data)
    data                                     0x20000030   Data           1  main.o(.data)
    pxCurrentTCB                             0x20000040   Data           4  tasks.o(.data)
    stemp                                    0x2000009c   Data          30  serial.o(.bss)
    s                                        0x200000ba   Data          30  main.o(.bss)
    __initial_sp                             0x200047a0   Data           0  stm32f10x.o(STACK)



==============================================================================

Memory Map of the image

  Image Entry point : 0x080000ed

  Load Region LR_IROM1 (Base: 0x08000000, Size: 0x00005010, Max: 0x00020000, ABSOLUTE)

    Execution Region ER_IROM1 (Exec base: 0x08000000, Load base: 0x08000000, Size: 0x00004f74, Max: 0x00020000, ABSOLUTE)

    Exec Addr    Load Addr    Size         Type   Attr      Idx    E Section Name        Object

    0x08000000   0x08000000   0x000000ec   Data   RO            3    RESET               stm32f10x.o
    0x080000ec   0x080000ec   0x00000000   Code   RO          622  * .ARM.Collect$$$$00000000  mc_w.l(entry.o)
    0x080000ec   0x080000ec   0x00000004   Code   RO          898    .ARM.Collect$$$$00000001  mc_w.l(entry2.o)
    0x080000f0   0x080000f0   0x00000004   Code   RO          901    .ARM.Collect$$$$00000004  mc_w.l(entry5.o)
    0x080000f4   0x080000f4   0x00000000   Code   RO          903    .ARM.Collect$$$$00000008  mc_w.l(entry7b.o)
    0x080000f4   0x080000f4   0x00000000   Code   RO          905    .ARM.Collect$$$$0000000A  mc_w.l(entry8b.o)
    0x080000f4   0x080000f4   0x00000008   Code   RO          906    .ARM.Collect$$$$0000000B  mc_w.l(entry9a.o)
    0x080000fc   0x080000fc   0x00000000   Code   RO          908    .ARM.Collect$$$$0000000D  mc_w.l(entry10a.o)
    0x080000fc   0x080000fc   0x00000000   Code   RO          910    .ARM.Collect$$$$0000000F  mc_w.l(entry11a.o)
    0x080000fc   0x080000fc   0x00000004   Code   RO          899    .ARM.Collect$$$$00002712  mc_w.l(entry2.o)
    0x08000100   0x08000100   0x00000096   Code   RO          537    .emb_text           port.o
    0x08000196   0x08000196   0x00000002   PAD
    0x08000198   0x08000198   0x0000001c   Code   RO            4    .text               stm32f10x.o
    0x080001b4   0x080001b4   0x0000006e   Code   RO          102    .text               cortexm3_macro_rvds.o
    0x08000222   0x08000222   0x00000002   PAD
    0x08000224   0x08000224   0x00000324   Code   RO          105    .text               stm32f10x_usart.o
    0x08000548   0x08000548   0x000002e0   Code   RO          117    .text               stm32f10x_gpio.o
    0x08000828   0x08000828   0x000003e0   Code   RO          138    .text               stm32f10x_nvic.o
    0x08000c08   0x08000c08   0x0000037c   Code   RO          150    .text               stm32f10x_rcc.o
    0x08000f84   0x08000f84   0x000000c4   Code   RO          176    .text               stm32f10x_systick.o
    0x08001048   0x08001048   0x00000864   Code   RO          188    .text               stm32f10x_tim.o
    0x080018ac   0x080018ac   0x000000ac   Code   RO          205    .text               partest.o
    0x08001958   0x08001958   0x00000218   Code   RO          222    .text               serial.o
    0x08001b70   0x08001b70   0x000000f8   Code   RO          248    .text               timertest.o
    0x08001c68   0x08001c68   0x000001fc   Code   RO          263    .text               main.o
    0x08001e64   0x08001e64   0x0000011c   Code   RO          396    .text               comtest.o
    0x08001f80   0x08001f80   0x00000fa0   Code   RO          467    .text               tasks.o
    0x08002f20   0x08002f20   0x00000094   Code   RO          501    .text               list.o
    0x08002fb4   0x08002fb4   0x00000858   Code   RO          513    .text               queue.o
    0x0800380c   0x0800380c   0x000000f0   Code   RO          538    .text               port.o
    0x080038fc   0x080038fc   0x00000124   Code   RO          567    .text               heap_2.o
    0x08003a20   0x08003a20   0x0000025c   Code   RO          582    .text               library.o
    0x08003c7c   0x08003c7c   0x000000e0   Code   RO          594    .text               usart_print.o
    0x08003d5c   0x08003d5c   0x0000012c   Code   RO          610    .text               motor_driver.o
    0x08003e88   0x08003e88   0x00000024   Code   RO          625    .text               mc_w.l(memcpya.o)
    0x08003eac   0x08003eac   0x00000024   Code   RO          627    .text               mc_w.l(memseta.o)
    0x08003ed0   0x08003ed0   0x00000018   Code   RO          629    .text               mc_w.l(strncpy.o)
    0x08003ee8   0x08003ee8   0x0000001a   Code   RO          894    .text               mc_w.l(atoi.o)
    0x08003f02   0x08003f02   0x00000026   Code   RO          896    .text               mf_w.l(f2d.o)
    0x08003f28   0x08003f28   0x0000002c   Code   RO          915    .text               mc_w.l(uidiv.o)
    0x08003f54   0x08003f54   0x00000062   Code   RO          917    .text               mc_w.l(uldiv.o)
    0x08003fb6   0x08003fb6   0x00000070   Code   RO          926    .text               mc_w.l(strtol.o)
    0x08004026   0x08004026   0x00000000   Code   RO          928    .text               mc_w.l(iusefp.o)
    0x08004026   0x08004026   0x0000014e   Code   RO          929    .text               mf_w.l(dadd.o)
    0x08004174   0x08004174   0x000000e4   Code   RO          931    .text               mf_w.l(dmul.o)
    0x08004258   0x08004258   0x000000de   Code   RO          933    .text               mf_w.l(ddiv.o)
    0x08004336   0x08004336   0x00000030   Code   RO          935    .text               mf_w.l(dfixul.o)
    0x08004366   0x08004366   0x00000002   PAD
    0x08004368   0x08004368   0x00000030   Code   RO          937    .text               mf_w.l(cdrcmple.o)
    0x08004398   0x08004398   0x00000024   Code   RO          939    .text               mc_w.l(init.o)
    0x080043bc   0x080043bc   0x0000001e   Code   RO          942    .text               mc_w.l(llshl.o)
    0x080043da   0x080043da   0x00000020   Code   RO          944    .text               mc_w.l(llushr.o)
    0x080043fa   0x080043fa   0x00000024   Code   RO          946    .text               mc_w.l(llsshr.o)
    0x0800441e   0x0800441e   0x00000002   PAD
    0x08004420   0x08004420   0x00000008   Code   RO          948    .text               mc_w.l(ctype_o.o)
    0x08004428   0x08004428   0x0000009e   Code   RO          976    .text               mc_w.l(_strtoul.o)
    0x080044c6   0x080044c6   0x000000ba   Code   RO          979    .text               mf_w.l(depilogue.o)
    0x08004580   0x08004580   0x0000001c   Code   RO          981    .text               mc_w.l(_chval.o)
    0x0800459c   0x0800459c   0x00000028   Code   RO          868    i.__0sprintf        mc_w.l(printfa.o)
    0x080045c4   0x080045c4   0x00000008   Code   RO          919    i.__aeabi_errno_addr  mc_w.l(errno.o)
    0x080045cc   0x080045cc   0x0000000e   Code   RO          985    i.__scatterload_copy  mc_w.l(handlers.o)
    0x080045da   0x080045da   0x00000002   Code   RO          986    i.__scatterload_null  mc_w.l(handlers.o)
    0x080045dc   0x080045dc   0x0000000e   Code   RO          987    i.__scatterload_zeroinit  mc_w.l(handlers.o)
    0x080045ea   0x080045ea   0x00000002   PAD
    0x080045ec   0x080045ec   0x00000184   Code   RO          873    i._fp_digits        mc_w.l(printfa.o)
    0x08004770   0x08004770   0x000006dc   Code   RO          874    i._printf_core      mc_w.l(printfa.o)
    0x08004e4c   0x08004e4c   0x00000024   Code   RO          875    i._printf_post_padding  mc_w.l(printfa.o)
    0x08004e70   0x08004e70   0x0000002e   Code   RO          876    i._printf_pre_padding  mc_w.l(printfa.o)
    0x08004e9e   0x08004e9e   0x0000000a   Code   RO          878    i._sputc            mc_w.l(printfa.o)
    0x08004ea8   0x08004ea8   0x00000014   Data   RO          151    .constdata          stm32f10x_rcc.o
    0x08004ebc   0x08004ebc   0x00000010   Data   RO          189    .constdata          stm32f10x_tim.o
    0x08004ecc   0x08004ecc   0x00000081   Data   RO          949    .constdata          mc_w.l(ctype_o.o)
    0x08004f4d   0x08004f4d   0x00000003   PAD
    0x08004f50   0x08004f50   0x00000004   Data   RO          950    .constdata          mc_w.l(ctype_o.o)
    0x08004f54   0x08004f54   0x00000020   Data   RO          983    Region$$Table       anon$$obj.o


    Execution Region RW_IRAM1 (Exec base: 0x20000000, Load base: 0x08004f74, Size: 0x000047a0, Max: 0x00005000, ABSOLUTE)

    Exec Addr    Load Addr    Size         Type   Attr      Idx    E Section Name        Object

    0x20000000   0x08004f74   0x00000002   Data   RW          206    .data               partest.o
    0x20000002   0x08004f76   0x00000002   PAD
    0x20000004   0x08004f78   0x00000009   Data   RW          224    .data               serial.o
    0x2000000d   0x08004f81   0x00000001   PAD
    0x2000000e   0x08004f82   0x00000008   Data   RW          249    .data               timertest.o
    0x20000016   0x08004f8a   0x00000002   PAD
    0x20000018   0x08004f8c   0x00000019   Data   RW          266    .data               main.o
    0x20000031   0x08004fa5   0x00000003   PAD
    0x20000034   0x08004fa8   0x0000000c   Data   RW          397    .data               comtest.o
    0x20000040   0x08004fb4   0x0000003c   Data   RW          469    .data               tasks.o
    0x2000007c   0x08004ff0   0x00000004   Data   RW          539    .data               port.o
    0x20000080   0x08004ff4   0x00000018   Data   RW          569    .data               heap_2.o
    0x20000098   0x0800500c   0x00000004   Data   RW          922    .data               mc_w.l(errno.o)
    0x2000009c        -       0x0000001e   Zero   RW          223    .bss                serial.o
    0x200000ba        -       0x0000001e   Zero   RW          264    .bss                main.o
    0x200000d8        -       0x000000c8   Zero   RW          468    .bss                tasks.o
    0x200001a0        -       0x00004400   Zero   RW          568    .bss                heap_2.o
    0x200045a0        -       0x00000200   Zero   RW            1    STACK               stm32f10x.o


==============================================================================

Image component sizes


      Code (inc. data)   RO Data    RW Data    ZI Data      Debug   Object Name

       284         38          0         12          0       2697   comtest.o
       110          0          0          0          0        440   cortexm3_macro_rvds.o
       292         20          0         24      17408       3248   heap_2.o
         0          0          0          0          0      47416   lcd.o
       604         14          0          0          0       1872   library.o
       148          0          0          0          0       1894   list.o
       508         66          0         25         30       6449   main.o
       300          4          0          0          0       1219   motor_driver.o
       172         10          0          2          0       1290   partest.o
       390         30          0          4          0       7228   port.o
      2136         10          0          0          0      19814   queue.o
       536         36          0          9         30       8410   serial.o
        28          4        236          0        512        808   stm32f10x.o
       736         16          0          0          0       4887   stm32f10x_gpio.o
       992         30          0          0          0       7292   stm32f10x_nvic.o
       892         38         20          0          0       8454   stm32f10x_rcc.o
       196          0          0          0          0       1621   stm32f10x_systick.o
      2148         12         16          0          0      31848   stm32f10x_tim.o
       804         10          0          0          0       7261   stm32f10x_usart.o
      4000        258          0         60        200      27176   tasks.o
       248         20          0          8          0       1218   timertest.o
       224         14          0          0          0       1689   usart_print.o

    ----------------------------------------------------------------------
     15752        630        304        152      18180     194231   Object Totals
         0          0         32          0          0          0   (incl. Generated)
         4          0          0          8          0          0   (incl. Padding)

    ----------------------------------------------------------------------

      Code (inc. data)   RO Data    RW Data    ZI Data      Debug   Library Member Name

        28          0          0          0          0         68   _chval.o
       158          0          0          0          0         92   _strtoul.o
        26          0          0          0          0         80   atoi.o
         8          4        133          0          0         68   ctype_o.o
         0          0          0          0          0          0   entry.o
         0          0          0          0          0          0   entry10a.o
         0          0          0          0          0          0   entry11a.o
         8          4          0          0          0          0   entry2.o
         4          0          0          0          0          0   entry5.o
         0          0          0          0          0          0   entry7b.o
         0          0          0          0          0          0   entry8b.o
         8          4          0          0          0          0   entry9a.o
         8          4          0          4          0         68   errno.o
        30          0          0          0          0          0   handlers.o
        36          8          0          0          0         68   init.o
         0          0          0          0          0          0   iusefp.o
        30          0          0          0          0         68   llshl.o
        36          0          0          0          0         68   llsshr.o
        32          0          0          0          0         68   llushr.o
        36          0          0          0          0         68   memcpya.o
        36          0          0          0          0        108   memseta.o
      2276         86          0          0          0        520   printfa.o
        24          0          0          0          0         76   strncpy.o
       112          0          0          0          0         88   strtol.o
        44          0          0          0          0         80   uidiv.o
        98          0          0          0          0         92   uldiv.o
        48          0          0          0          0         68   cdrcmple.o
       334          0          0          0          0        148   dadd.o
       222          0          0          0          0        100   ddiv.o
       186          0          0          0          0        176   depilogue.o
        48          0          0          0          0         68   dfixul.o
       228          0          0          0          0         96   dmul.o
        38          0          0          0          0         68   f2d.o

    ----------------------------------------------------------------------
      4148        110        136          4          0       2404   Library Totals
         6          0          3          0          0          0   (incl. Padding)

    ----------------------------------------------------------------------

      Code (inc. data)   RO Data    RW Data    ZI Data      Debug   Library Name

      3038        110        133          4          0       1680   mc_w.l
      1104          0          0          0          0        724   mf_w.l

    ----------------------------------------------------------------------
      4148        110        136          4          0       2404   Library Totals

    ----------------------------------------------------------------------

==============================================================================


      Code (inc. data)   RO Data    RW Data    ZI Data      Debug   

     19900        740        440        156      18180     193251   Grand Totals
     19900        740        440        156      18180     193251   ELF Image Totals
     19900        740        440        156          0          0   ROM Totals

==============================================================================

    Total RO  Size (Code + RO Data)                20340 (  19.86kB)
    Total RW  Size (RW Data + ZI Data)             18336 (  17.91kB)
    Total ROM Size (Code + RO Data + RW Data)      20496 (  20.02kB)

==============================================================================

