<html>
<body>
<pre>
<h1>µVision Build Log</h1>
<h2>Tool Versions:</h2>
IDE-Version: µVision V5.24.2.0
Copyright (C) 2017 ARM Ltd and ARM Germany GmbH. All rights reserved.
License Information: bui Anh Khoa, abc, LIC=ZB4Y8-3T5U3-PA4DH-W94SG-1DVAT-6DK30
 
Tool Versions:
Toolchain:       MDK-ARM Plus  Version: 5.24.1
Toolchain Path:  C:\Keil_v5\ARM\ARMCC\Bin
C Compiler:      Armcc.exe V5.06 update 5 (build 528)
Assembler:       Armasm.exe V5.06 update 5 (build 528)
Linker/Locator:  ArmLink.exe V5.06 update 5 (build 528)
Library Manager: ArmAr.exe V5.06 update 5 (build 528)
Hex Converter:   FromElf.exe V5.06 update 5 (build 528)
CPU DLL:         SARMCM3.DLL V5.24.1
Dialog DLL:      DARMSTM.DLL V1.68.0.0
Target DLL:      STLink\ST-LINKIII-KEIL_SWO.dll V3.0.1.0
Dialog DLL:      TARMSTM.DLL V1.66.0.0
 
<h2>Project:</h2>
C:\Users\Anh Khoa\Documents\arm\BLECar_Stm32f103_FreeRTOS\Project\CORTEX_STM32F103_Keil\RTOSDemo.uvproj
Project File Date:  02/10/2018

<h2>Output:</h2>
*** Using Compiler 'V5.06 update 5 (build 528)', folder: 'C:\Keil_v5\ARM\ARMCC\Bin'
Rebuild target 'Target 1'
assembling STM32F10x.s...
compiling stm32f10x_gpio.c...
assembling cortexm3_macro_rvds.s...
compiling stm32f10x_nvic.c...
compiling stm32f10x_rcc.c...
compiling stm32f10x_usart.c...
compiling lcd.c...
compiling stm32f10x_lib.c...
compiling stm32f10x_spi.c...
compiling stm32f10x_tim.c...
compiling stm32f10x_systick.c...
compiling spi_flash.c...
compiling ParTest.c...
compiling serial.c...
compiling BlockQ.c...
compiling timertest.c...
compiling semtest.c...
compiling main.c...
..\..\Source\User\Motor_Driver.h(17): warning:  #1295-D: Deprecated declaration Driver_RCC_Init - give arg types
  void Driver_RCC_Init();
..\..\Source\User\Library.h(42): warning:  #1295-D: Deprecated declaration ledInit - give arg types
  void ledInit();
..\..\Source\User\Library.h(43): warning:  #1295-D: Deprecated declaration USART_Initial - give arg types
  void USART_Initial();
..\..\Source\User\Library.h(44): warning:  #1295-D: Deprecated declaration Motor_Init - give arg types
  void Motor_Init();
main.c: 6 warnings, 0 errors
compiling blocktim.c...
compiling flash.c...
compiling comtest.c...
..\Common\Minimal\comtest.c(131): warning:  #177-D: variable "cByteToSend"  was declared but never referenced
  char cByteToSend;
..\Common\Minimal\comtest.c: 1 warning, 0 errors
compiling death.c...
compiling tasks.c...
compiling PollQ.c...
compiling integer.c...
compiling heap_2.c...
compiling list.c...
compiling Library.c...
..\..\Source\User\Motor_Driver.h(17): warning:  #1295-D: Deprecated declaration Driver_RCC_Init - give arg types
  void Driver_RCC_Init();
..\..\Source\User\Motor_Driver.h(18): warning:  #1295-D: Deprecated declaration Driver_GPIO_Init - give arg types
  void Driver_GPIO_Init();
..\..\Source\User\Motor_Driver.h(19): warning:  #1295-D: Deprecated declaration Driver_PWM_Init - give arg types
  void Driver_PWM_Init();
..\..\Source\User\Library.h(42): warning:  #1295-D: Deprecated declaration ledInit - give arg types
  void ledInit();
..\..\Source\User\Library.h(43): warning:  #1295-D: Deprecated declaration USART_Initial - give arg types
  void USART_Initial();
..\..\Source\User\Library.h(44): warning:  #1295-D: Deprecated declaration Motor_Init - give arg types
  void Motor_Init();
..\..\Source\User\Library.c(4): warning:  #177-D: function "vComTxTask"  was declared but never referenced
  static portTASK_FUNCTION_PROTO( vComTxTask, pvParameters );
..\..\Source\User\Library.c: 7 warnings, 0 errors
compiling queue.c...
compiling usart_print.c...
compiling Motor_Driver.c...
..\..\Source\User\Motor_Driver.h(17): warning:  #1295-D: Deprecated declaration Driver_RCC_Init - give arg types
  void Driver_RCC_Init();
..\..\Source\User\Motor_Driver.h(18): warning:  #1295-D: Deprecated declaration Driver_GPIO_Init - give arg types
  void Driver_GPIO_Init();
..\..\Source\User\Motor_Driver.h(19): warning:  #1295-D: Deprecated declaration Driver_PWM_Init - give arg types
  void Driver_PWM_Init();
..\..\Source\User\Motor_Driver.c(61): warning:  #188-D: enumerated type mixed with another type
  		GPIO_WriteBit(
PIOA, 
PIO_Pin_4, 0);
..\..\Source\User\Motor_Driver.c(66): warning:  #188-D: enumerated type mixed with another type
  		GPIO_WriteBit(
PIOA, 
PIO_Pin_4, 1);
..\..\Source\User\Motor_Driver.c(72): warning:  #188-D: enumerated type mixed with another type
  		GPIO_WriteBit(
PIOA, 
PIO_Pin_5, 0);
..\..\Source\User\Motor_Driver.c(77): warning:  #188-D: enumerated type mixed with another type
  		GPIO_WriteBit(
PIOA, 
PIO_Pin_5, 1);
..\..\Source\User\Motor_Driver.c: 7 warnings, 0 errors
compiling port.c...
linking...
Program Size: Code=19900 RO-data=440 RW-data=156 ZI-data=18180  
".\RTOSDemo.axf" - 0 Error(s), 19 Warning(s).
Build Time Elapsed:  00:00:06
</pre>
</body>
</html>
